[2025-04-08 18:45:58.065] [INFO] [GO_CNTR] Центральный сервис (GO_CNTR) запущен на http://localhost:3000
[2025-04-08 18:45:58.069] [INFO] [GO_CNTR] --- Начало нового цикла опроса ТО ---
[2025-04-08 18:45:58.069] [INFO] [GO_CNTR] Запуск цикла репликации каждые 10 сек.
[2025-04-08 18:45:58.072] [INFO] [T01REG] Запрос новых данных с начала у T01REG
[2025-04-08 18:45:58.111] [INFO] [T02REG] Запрос новых данных с начала у T02REG
[2025-04-08 18:45:58.146] [REPLICA] [T02REG] Получено 14 новых записей от T02REG. Первая запись OBJ: T02REG_OBJ_01, ZNC: 250.67
[2025-04-08 18:45:58.149] [REPLICA] [T01REG] Получено 31 новых записей от T01REG. Первая запись OBJ: T01REG_OBJ_01, ZNC: 149.39
[2025-04-08 18:45:58.146] [INFO] [T02REG] Обновлена последняя метка DATV для T02REG на: 2025-04-08T15:45:53.811Z
[2025-04-08 18:45:58.149] [INFO] [T01REG] Обновлена последняя метка DATV для T01REG на: 2025-04-08T15:45:55.011Z
[2025-04-08 18:46:08.119] [INFO] [GO_CNTR] --- Начало нового цикла опроса ТО ---
[2025-04-08 18:46:08.120] [INFO] [T01REG] Запрос новых данных с метки: 2025-04-08T15:45:55.011Z у T01REG
[2025-04-08 18:46:08.142] [INFO] [T02REG] Запрос новых данных с метки: 2025-04-08T15:45:53.811Z у T02REG
[2025-04-08 18:46:08.150] [REPLICA] [T01REG] Получено 5 новых записей от T01REG. Первая запись OBJ: T01REG_OBJ_04, ZNC: 125.98
[2025-04-08 18:46:08.152] [REPLICA] [T02REG] Получено 4 новых записей от T02REG. Первая запись OBJ: T02REG_OBJ_04, ZNC: 258.51
[2025-04-08 18:46:08.152] [INFO] [T02REG] Обновлена последняя метка DATV для T02REG на: 2025-04-08T15:46:07.821Z
[2025-04-08 18:46:08.151] [INFO] [T01REG] Обновлена последняя метка DATV для T01REG на: 2025-04-08T15:46:05.035Z
[2025-04-08 18:46:18.120] [INFO] [GO_CNTR] --- Начало нового цикла опроса ТО ---
[2025-04-08 18:46:18.121] [INFO] [T01REG] Запрос новых данных с метки: 2025-04-08T15:46:05.035Z у T01REG
[2025-04-08 18:46:18.122] [INFO] [T02REG] Запрос новых данных с метки: 2025-04-08T15:46:07.821Z у T02REG
[2025-04-08 18:46:18.129] [REPLICA] [T01REG] Получено 8 новых записей от T01REG. Первая запись OBJ: T01REG_OBJ_09, ZNC: 110.82
[2025-04-08 18:46:18.129] [INFO] [T01REG] Обновлена последняя метка DATV для T01REG на: 2025-04-08T15:46:15.045Z
[2025-04-08 18:46:18.130] [REPLICA] [T02REG] Получено 2 новых записей от T02REG. Первая запись OBJ: T02REG_OBJ_04, ZNC: 265.94
[2025-04-08 18:46:18.130] [INFO] [T02REG] Обновлена последняя метка DATV для T02REG на: 2025-04-08T15:46:14.824Z
[2025-04-08 18:46:28.132] [INFO] [GO_CNTR] --- Начало нового цикла опроса ТО ---
[2025-04-08 18:46:28.133] [INFO] [T01REG] Запрос новых данных с метки: 2025-04-08T15:46:15.045Z у T01REG
[2025-04-08 18:46:28.134] [INFO] [T02REG] Запрос новых данных с метки: 2025-04-08T15:46:14.824Z у T02REG
[2025-04-08 18:46:28.142] [ERROR] [T01REG] Ошибка репликации: Сервис недоступен (ECONNREFUSED)
[2025-04-08 18:46:28.146] [REPLICA] [T02REG] Получено 4 новых записей от T02REG. Первая запись OBJ: T02REG_OBJ_07, ZNC: 246.09
[2025-04-08 18:46:28.146] [INFO] [T02REG] Обновлена последняя метка DATV для T02REG на: 2025-04-08T15:46:21.826Z
[2025-04-08 18:46:38.134] [INFO] [GO_CNTR] --- Начало нового цикла опроса ТО ---
[2025-04-08 18:46:38.134] [INFO] [T01REG] Запрос новых данных с метки: 2025-04-08T15:46:15.045Z у T01REG
[2025-04-08 18:46:38.137] [INFO] [T02REG] Запрос новых данных с метки: 2025-04-08T15:46:21.826Z у T02REG
[2025-04-08 18:46:38.142] [ERROR] [T01REG] Ошибка репликации: Сервис недоступен (ECONNREFUSED)
[2025-04-08 18:46:38.144] [REPLICA] [T02REG] Получено 8 новых записей от T02REG. Первая запись OBJ: T02REG_OBJ_07, ZNC: 200.49
[2025-04-08 18:46:38.145] [INFO] [T02REG] Обновлена последняя метка DATV для T02REG на: 2025-04-08T15:46:35.840Z
[2025-04-08 18:46:48.136] [INFO] [GO_CNTR] --- Начало нового цикла опроса ТО ---
[2025-04-08 18:46:48.137] [INFO] [T01REG] Запрос новых данных с метки: 2025-04-08T15:46:15.045Z у T01REG
[2025-04-08 18:46:48.138] [INFO] [T02REG] Запрос новых данных с метки: 2025-04-08T15:46:35.840Z у T02REG
[2025-04-08 18:46:48.142] [ERROR] [T01REG] Ошибка репликации: Сервис недоступен (ECONNREFUSED)
[2025-04-08 18:46:48.145] [REPLICA] [T02REG] Получено 2 новых записей от T02REG. Первая запись OBJ: T02REG_OBJ_01, ZNC: 254.49
[2025-04-08 18:46:48.145] [INFO] [T02REG] Обновлена последняя метка DATV для T02REG на: 2025-04-08T15:46:42.854Z
[2025-04-08 18:46:49.221] [INFO] [GO_CNTR] Получен запрос на /central-data
[2025-04-08 18:46:54.577] [INFO] [GO_CNTR] Получен запрос на /central-data
[2025-04-08 18:46:56.269] [INFO] [GO_CNTR] Получен запрос на /central-data
[2025-04-08 18:46:58.141] [INFO] [GO_CNTR] --- Начало нового цикла опроса ТО ---
[2025-04-08 18:46:58.142] [INFO] [T01REG] Запрос новых данных с метки: 2025-04-08T15:46:15.045Z у T01REG
[2025-04-08 18:46:58.143] [INFO] [T02REG] Запрос новых данных с метки: 2025-04-08T15:46:42.854Z у T02REG
[2025-04-08 18:46:58.149] [ERROR] [T01REG] Ошибка репликации: Сервис недоступен (ECONNREFUSED)
[2025-04-08 18:46:58.152] [REPLICA] [T02REG] Получено 2 новых записей от T02REG. Первая запись OBJ: T02REG_OBJ_05, ZNC: 247.27
[2025-04-08 18:46:58.153] [INFO] [T02REG] Обновлена последняя метка DATV для T02REG на: 2025-04-08T15:46:56.869Z
[2025-04-08 18:47:08.148] [INFO] [GO_CNTR] --- Начало нового цикла опроса ТО ---
[2025-04-08 18:47:08.149] [INFO] [T01REG] Запрос новых данных с метки: 2025-04-08T15:46:15.045Z у T01REG
[2025-04-08 18:47:08.150] [INFO] [T02REG] Запрос новых данных с метки: 2025-04-08T15:46:56.869Z у T02REG
[2025-04-08 18:47:08.153] [ERROR] [T01REG] Ошибка репликации: Сервис недоступен (ECONNREFUSED)
[2025-04-08 18:47:08.155] [REPLICA] [T02REG] Получено 2 новых записей от T02REG. Первая запись OBJ: T02REG_OBJ_10, ZNC: 234.04
[2025-04-08 18:47:08.156] [INFO] [T02REG] Обновлена последняя метка DATV для T02REG на: 2025-04-08T15:47:03.880Z
[2025-04-08 18:47:18.150] [INFO] [GO_CNTR] --- Начало нового цикла опроса ТО ---
[2025-04-08 18:47:18.150] [INFO] [T01REG] Запрос новых данных с метки: 2025-04-08T15:46:15.045Z у T01REG
[2025-04-08 18:47:18.152] [INFO] [T02REG] Запрос новых данных с метки: 2025-04-08T15:47:03.880Z у T02REG
[2025-04-08 18:47:18.159] [REPLICA] [T02REG] Получено 4 новых записей от T02REG. Первая запись OBJ: T02REG_OBJ_08, ZNC: 209.01
[2025-04-08 18:47:18.160] [INFO] [T02REG] Обновлена последняя метка DATV для T02REG на: 2025-04-08T15:47:17.898Z
[2025-04-08 18:47:18.167] [REPLICA] [T01REG] Получено 10 новых записей от T01REG. Первая запись OBJ: T01REG_OBJ_01, ZNC: 115.34
[2025-04-08 18:47:18.168] [INFO] [T01REG] Обновлена последняя метка DATV для T01REG на: 2025-04-08T15:47:17.458Z
[2025-04-08 18:47:28.161] [INFO] [T01REG] Запрос новых данных с метки: 2025-04-08T15:47:17.458Z у T01REG
[2025-04-08 18:47:28.160] [INFO] [GO_CNTR] --- Начало нового цикла опроса ТО ---
[2025-04-08 18:47:28.162] [INFO] [T02REG] Запрос новых данных с метки: 2025-04-08T15:47:17.898Z у T02REG
[2025-04-08 18:47:28.167] [REPLICA] [T02REG] Получено 4 новых записей от T02REG. Первая запись OBJ: T02REG_OBJ_09, ZNC: 248.66
[2025-04-08 18:47:28.168] [INFO] [T02REG] Обновлена последняя метка DATV для T02REG на: 2025-04-08T15:47:24.909Z
[2025-04-08 18:47:28.168] [REPLICA] [T01REG] Получено 5 новых записей от T01REG. Первая запись OBJ: T01REG_OBJ_01, ZNC: 121.23
[2025-04-08 18:47:28.168] [INFO] [T01REG] Обновлена последняя метка DATV для T01REG на: 2025-04-08T15:47:27.477Z
[2025-04-08 19:25:19.068] [INFO] [GO_CNTR] База данных SQLite ГО подключена: D:\University\2sem\RIS\4-5\CentralService\go.sqlite
[2025-04-08 19:25:19.096] [INFO] [GO_CNTR] Структура таблиц ГО проверена/создана.
[2025-04-08 19:25:19.100] [INFO] [GO_CNTR] T_SUB заполнена.
[2025-04-08 19:25:19.098] [INFO] [GO_CNTR] Заполнение таблицы T_SUB начальными данными...
[2025-04-08 19:25:19.103] [INFO] [GO_CNTR] Заполнение таблицы T_IST начальными данными...
[2025-04-08 19:25:19.108] [INFO] [GO_CNTR] Будут опрашиваться субъекты ТО из БД: T01REG, T02REG
[2025-04-08 19:25:19.105] [INFO] [GO_CNTR] T_IST заполнена.
[2025-04-08 19:25:19.109] [INFO] [GO_CNTR] Центральный сервис ГО (GO_CNTR) с SQLite запущен
[2025-04-08 19:25:19.110] [INFO] [GO_CNTR] Адрес: http://localhost:3000
[2025-04-08 19:25:19.111] [INFO] [GO_CNTR] Запуск цикла репликации каждые 10 сек.
[2025-04-08 19:25:19.111] [INFO] [GO_CNTR] --- Начало нового цикла опроса ТО ---
[2025-04-08 19:25:19.112] [INFO] [T01REG] Запрос данных с начала у T01REG
[2025-04-08 19:25:19.157] [INFO] [T02REG] Запрос данных с начала у T02REG
[2025-04-08 19:25:19.190] [REPLICA] [T02REG] Получено 30 записей от T02REG. Первая OBJ: T02REG_OBJ_01
[2025-04-08 19:25:19.195] [REPLICA] [T02REG] Успешно вставлено 30 новых записей в BODI из 30 полученных от T02REG.
[2025-04-08 19:25:19.200] [INFO] [T02REG] Запись о пакете (30 шт.) добавлена/обновлена в BODK для T02REG
[2025-04-08 19:25:19.201] [INFO] [T02REG] Обновлена последняя метка DATV для T02REG на: 2025-04-08T16:25:18.292Z
[2025-04-08 19:25:19.206] [REPLICA] [T01REG] Успешно вставлено 17 новых записей в BODI из 17 полученных от T01REG.
[2025-04-08 19:25:19.203] [REPLICA] [T01REG] Получено 17 записей от T01REG. Первая OBJ: T01REG_OBJ_01
[2025-04-08 19:25:19.209] [INFO] [T01REG] Запись о пакете (17 шт.) добавлена/обновлена в BODK для T01REG
[2025-04-08 19:25:19.210] [INFO] [T01REG] Обновлена последняя метка DATV для T01REG на: 2025-04-08T16:25:15.768Z
[2025-04-08 19:25:29.162] [INFO] [GO_CNTR] --- Начало нового цикла опроса ТО ---
[2025-04-08 19:25:29.166] [INFO] [T02REG] Запрос данных с метки: 2025-04-08T16:25:18.292Z у T02REG
[2025-04-08 19:25:29.163] [INFO] [T01REG] Запрос данных с метки: 2025-04-08T16:25:15.768Z у T01REG
[2025-04-08 19:25:29.174] [REPLICA] [T01REG] Получено 6 записей от T01REG. Первая OBJ: T01REG_OBJ_06
[2025-04-08 19:25:29.179] [REPLICA] [T01REG] Успешно вставлено 6 новых записей в BODI из 6 полученных от T01REG.
[2025-04-08 19:25:29.183] [INFO] [T01REG] Запись о пакете (6 шт.) добавлена/обновлена в BODK для T01REG
[2025-04-08 19:25:29.190] [REPLICA] [T02REG] Успешно вставлено 2 новых записей в BODI из 2 полученных от T02REG.
[2025-04-08 19:25:29.184] [INFO] [T01REG] Обновлена последняя метка DATV для T01REG на: 2025-04-08T16:25:25.780Z
[2025-04-08 19:25:29.186] [REPLICA] [T02REG] Получено 2 записей от T02REG. Первая OBJ: T02REG_OBJ_05
[2025-04-08 19:25:29.195] [INFO] [T02REG] Обновлена последняя метка DATV для T02REG на: 2025-04-08T16:25:25.308Z
[2025-04-08 19:25:29.194] [INFO] [T02REG] Запись о пакете (2 шт.) добавлена/обновлена в BODK для T02REG
[2025-04-08 19:25:39.165] [INFO] [GO_CNTR] --- Начало нового цикла опроса ТО ---
[2025-04-08 19:25:39.165] [INFO] [T01REG] Запрос данных с метки: 2025-04-08T16:25:25.780Z у T01REG
[2025-04-08 19:25:39.167] [INFO] [T02REG] Запрос данных с метки: 2025-04-08T16:25:25.308Z у T02REG
[2025-04-08 19:25:39.174] [REPLICA] [T02REG] Получено 1 записей от T02REG. Первая OBJ: T02REG_OBJ_07
[2025-04-08 19:25:39.195] [REPLICA] [T02REG] Успешно вставлено 1 новых записей в BODI из 1 полученных от T02REG.
[2025-04-08 19:25:39.199] [INFO] [T02REG] Запись о пакете (1 шт.) добавлена/обновлена в BODK для T02REG
[2025-04-08 19:25:39.199] [INFO] [T02REG] Обновлена последняя метка DATV для T02REG на: 2025-04-08T16:25:32.297Z
[2025-04-08 19:25:39.200] [REPLICA] [T01REG] Получено 8 записей от T01REG. Первая OBJ: T01REG_OBJ_03
[2025-04-08 19:25:39.205] [REPLICA] [T01REG] Успешно вставлено 8 новых записей в BODI из 8 полученных от T01REG.
[2025-04-08 19:25:39.208] [INFO] [T01REG] Запись о пакете (8 шт.) добавлена/обновлена в BODK для T01REG
[2025-04-08 19:25:39.209] [INFO] [T01REG] Обновлена последняя метка DATV для T01REG на: 2025-04-08T16:25:35.792Z
[2025-04-08 19:25:45.165] [INFO] [GO_CNTR] Получен запрос на /central-data
[2025-04-08 19:25:49.172] [INFO] [GO_CNTR] --- Начало нового цикла опроса ТО ---
[2025-04-08 19:25:49.172] [INFO] [T01REG] Запрос данных с метки: 2025-04-08T16:25:35.792Z у T01REG
[2025-04-08 19:25:49.174] [INFO] [T02REG] Запрос данных с метки: 2025-04-08T16:25:32.297Z у T02REG
[2025-04-08 19:25:49.184] [REPLICA] [T01REG] Получено 4 записей от T01REG. Первая OBJ: T01REG_OBJ_01
[2025-04-08 19:25:49.208] [REPLICA] [T01REG] Успешно вставлено 4 новых записей в BODI из 4 полученных от T01REG.
[2025-04-08 19:25:49.212] [INFO] [T01REG] Запись о пакете (4 шт.) добавлена/обновлена в BODK для T01REG
[2025-04-08 19:25:49.214] [INFO] [T01REG] Обновлена последняя метка DATV для T01REG на: 2025-04-08T16:25:45.781Z
[2025-04-08 19:25:49.217] [REPLICA] [T02REG] Получено 5 записей от T02REG. Первая OBJ: T02REG_OBJ_02
[2025-04-08 19:25:49.222] [REPLICA] [T02REG] Успешно вставлено 5 новых записей в BODI из 5 полученных от T02REG.
[2025-04-08 19:25:49.227] [INFO] [T02REG] Запись о пакете (5 шт.) добавлена/обновлена в BODK для T02REG
[2025-04-08 19:25:49.228] [INFO] [T02REG] Обновлена последняя метка DATV для T02REG на: 2025-04-08T16:25:46.324Z
[2025-04-08 19:25:53.375] [INFO] [GO_CNTR] Получен запрос на /central-data
[2025-04-08 19:25:59.179] [INFO] [GO_CNTR] --- Начало нового цикла опроса ТО ---
[2025-04-08 19:25:59.180] [INFO] [T01REG] Запрос данных с метки: 2025-04-08T16:25:45.781Z у T01REG
[2025-04-08 19:25:59.183] [INFO] [T02REG] Запрос данных с метки: 2025-04-08T16:25:46.324Z у T02REG
[2025-04-08 19:25:59.192] [REPLICA] [T02REG] Получено 1 записей от T02REG. Первая OBJ: T02REG_OBJ_09
[2025-04-08 19:25:59.199] [REPLICA] [T02REG] Успешно вставлено 1 новых записей в BODI из 1 полученных от T02REG.
[2025-04-08 19:25:59.204] [INFO] [T02REG] Запись о пакете (1 шт.) добавлена/обновлена в BODK для T02REG
[2025-04-08 19:25:59.205] [INFO] [T02REG] Обновлена последняя метка DATV для T02REG на: 2025-04-08T16:25:53.316Z
[2025-04-08 19:25:59.207] [REPLICA] [T01REG] Получено 8 записей от T01REG. Первая OBJ: T01REG_OBJ_07
[2025-04-08 19:25:59.214] [REPLICA] [T01REG] Успешно вставлено 8 новых записей в BODI из 8 полученных от T01REG.
[2025-04-08 19:25:59.217] [INFO] [T01REG] Запись о пакете (8 шт.) добавлена/обновлена в BODK для T01REG
[2025-04-08 19:25:59.218] [INFO] [T01REG] Обновлена последняя метка DATV для T01REG на: 2025-04-08T16:25:55.816Z
[2025-04-08 19:26:09.182] [INFO] [GO_CNTR] --- Начало нового цикла опроса ТО ---
[2025-04-08 19:26:09.184] [INFO] [T02REG] Запрос данных с метки: 2025-04-08T16:25:53.316Z у T02REG
[2025-04-08 19:26:09.183] [INFO] [T01REG] Запрос данных с метки: 2025-04-08T16:25:55.816Z у T01REG
[2025-04-08 19:26:09.189] [REPLICA] [T01REG] Получено 3 записей от T01REG. Первая OBJ: T01REG_OBJ_08
[2025-04-08 19:26:09.216] [INFO] [T01REG] Обновлена последняя метка DATV для T01REG на: 2025-04-08T16:26:05.810Z
[2025-04-08 19:26:09.211] [REPLICA] [T01REG] Успешно вставлено 3 новых записей в BODI из 3 полученных от T01REG.
[2025-04-08 19:26:09.223] [REPLICA] [T02REG] Успешно вставлено 6 новых записей в BODI из 6 полученных от T02REG.
[2025-04-08 19:26:09.218] [REPLICA] [T02REG] Получено 6 записей от T02REG. Первая OBJ: T02REG_OBJ_06
[2025-04-08 19:26:09.216] [INFO] [T01REG] Запись о пакете (3 шт.) добавлена/обновлена в BODK для T01REG
[2025-04-08 19:26:09.227] [INFO] [T02REG] Запись о пакете (6 шт.) добавлена/обновлена в BODK для T02REG
[2025-04-08 19:26:09.227] [INFO] [T02REG] Обновлена последняя метка DATV для T02REG на: 2025-04-08T16:26:07.346Z
[2025-04-08 19:26:19.191] [INFO] [GO_CNTR] --- Начало нового цикла опроса ТО ---
[2025-04-08 19:26:19.192] [INFO] [T01REG] Запрос данных с метки: 2025-04-08T16:26:05.810Z у T01REG
[2025-04-08 19:26:19.193] [INFO] [T02REG] Запрос данных с метки: 2025-04-08T16:26:07.346Z у T02REG
[2025-04-08 19:26:19.200] [REPLICA] [T02REG] Получено 3 записей от T02REG. Первая OBJ: T02REG_OBJ_03
[2025-04-08 19:26:19.222] [REPLICA] [T02REG] Успешно вставлено 3 новых записей в BODI из 3 полученных от T02REG.
[2025-04-08 19:26:19.227] [INFO] [T02REG] Запись о пакете (3 шт.) добавлена/обновлена в BODK для T02REG
[2025-04-08 19:26:19.227] [INFO] [T02REG] Обновлена последняя метка DATV для T02REG на: 2025-04-08T16:26:14.362Z
[2025-04-08 19:26:19.229] [REPLICA] [T01REG] Получено 4 записей от T01REG. Первая OBJ: T01REG_OBJ_10
[2025-04-08 19:26:19.233] [REPLICA] [T01REG] Успешно вставлено 4 новых записей в BODI из 4 полученных от T01REG.
[2025-04-08 19:26:19.239] [INFO] [T01REG] Обновлена последняя метка DATV для T01REG на: 2025-04-08T16:26:15.818Z
[2025-04-08 19:26:19.237] [INFO] [T01REG] Запись о пакете (4 шт.) добавлена/обновлена в BODK для T01REG
[2025-04-08 19:26:29.198] [INFO] [GO_CNTR] --- Начало нового цикла опроса ТО ---
[2025-04-08 19:26:29.199] [INFO] [T01REG] Запрос данных с метки: 2025-04-08T16:26:15.818Z у T01REG
[2025-04-08 19:26:29.201] [INFO] [T02REG] Запрос данных с метки: 2025-04-08T16:26:14.362Z у T02REG
[2025-04-08 19:26:29.208] [ERROR] [T01REG] Ошибка репликации: Сервис недоступен (ECONNREFUSED)
[2025-04-08 19:26:29.211] [REPLICA] [T02REG] Получено 2 записей от T02REG. Первая OBJ: T02REG_OBJ_05
[2025-04-08 19:26:29.239] [INFO] [T02REG] Обновлена последняя метка DATV для T02REG на: 2025-04-08T16:26:28.360Z
[2025-04-08 19:26:29.233] [REPLICA] [T02REG] Успешно вставлено 2 новых записей в BODI из 2 полученных от T02REG.
[2025-04-08 19:26:29.239] [INFO] [T02REG] Запись о пакете (2 шт.) добавлена/обновлена в BODK для T02REG
[2025-04-08 19:26:39.201] [INFO] [GO_CNTR] --- Начало нового цикла опроса ТО ---
[2025-04-08 19:26:39.203] [INFO] [T02REG] Запрос данных с метки: 2025-04-08T16:26:28.360Z у T02REG
[2025-04-08 19:26:39.202] [INFO] [T01REG] Запрос данных с метки: 2025-04-08T16:26:15.818Z у T01REG
[2025-04-08 19:26:39.211] [REPLICA] [T02REG] Получено 1 записей от T02REG. Первая OBJ: T02REG_OBJ_07
[2025-04-08 19:26:39.233] [REPLICA] [T02REG] Успешно вставлено 1 новых записей в BODI из 1 полученных от T02REG.
[2025-04-08 19:26:39.237] [INFO] [T02REG] Запись о пакете (1 шт.) добавлена/обновлена в BODK для T02REG
[2025-04-08 19:26:39.238] [INFO] [T02REG] Обновлена последняя метка DATV для T02REG на: 2025-04-08T16:26:35.372Z
[2025-04-08 19:26:39.239] [REPLICA] [T01REG] Получено 1 записей от T01REG. Первая OBJ: T01REG_OBJ_03
[2025-04-08 19:26:39.247] [INFO] [T01REG] Запись о пакете (1 шт.) добавлена/обновлена в BODK для T01REG
[2025-04-08 19:26:39.247] [INFO] [T01REG] Обновлена последняя метка DATV для T01REG на: 2025-04-08T16:26:20.821Z
[2025-04-08 19:26:39.243] [REPLICA] [T01REG] Успешно вставлено 1 новых записей в BODI из 1 полученных от T01REG.
[2025-04-08 19:26:49.214] [INFO] [GO_CNTR] --- Начало нового цикла опроса ТО ---
[2025-04-08 19:26:49.215] [INFO] [T01REG] Запрос данных с метки: 2025-04-08T16:26:20.821Z у T01REG
[2025-04-08 19:26:49.217] [INFO] [T02REG] Запрос данных с метки: 2025-04-08T16:26:35.372Z у T02REG
[2025-04-08 19:26:49.225] [REPLICA] [T01REG] Получено 9 записей от T01REG. Первая OBJ: T01REG_OBJ_02
[2025-04-08 19:26:49.249] [REPLICA] [T01REG] Успешно вставлено 9 новых записей в BODI из 9 полученных от T01REG.
[2025-04-08 19:26:49.252] [INFO] [T01REG] Запись о пакете (9 шт.) добавлена/обновлена в BODK для T01REG
[2025-04-08 19:26:49.252] [INFO] [T01REG] Обновлена последняя метка DATV для T01REG на: 2025-04-08T16:26:46.011Z
[2025-04-08 19:26:49.253] [REPLICA] [T02REG] Получено 2 записей от T02REG. Первая OBJ: T02REG_OBJ_08
[2025-04-08 19:26:49.258] [REPLICA] [T02REG] Успешно вставлено 2 новых записей в BODI из 2 полученных от T02REG.
[2025-04-08 19:26:49.262] [INFO] [T02REG] Запись о пакете (2 шт.) добавлена/обновлена в BODK для T02REG
[2025-04-08 19:26:49.262] [INFO] [T02REG] Обновлена последняя метка DATV для T02REG на: 2025-04-08T16:26:42.400Z
[2025-04-08 19:51:59.842] [INFO] [GO_CNTR] База данных SQLite ГО подключена: D:\University\2sem\RIS\4-5\CentralService\go.sqlite
[2025-04-08 19:51:59.889] [INFO] [GO_CNTR] T_SUB заполнена.
[2025-04-08 19:51:59.887] [INFO] [GO_CNTR] Структура таблиц ГО проверена/создана.
[2025-04-08 19:51:59.888] [INFO] [GO_CNTR] Заполнение таблицы T_SUB начальными данными...
[2025-04-08 19:51:59.895] [INFO] [GO_CNTR] Будут опрашиваться субъекты ТО из БД: T01REG, T02REG
[2025-04-08 19:51:59.892] [INFO] [GO_CNTR] Заполнение таблицы T_IST начальными данными...
[2025-04-08 19:51:59.893] [INFO] [GO_CNTR] T_IST заполнена.
[2025-04-08 19:51:59.896] [INFO] [GO_CNTR] Центральный сервис ГО (GO_CNTR) с SQLite запущен
[2025-04-08 19:51:59.896] [INFO] [GO_CNTR] Адрес: http://localhost:3000
[2025-04-08 19:51:59.896] [INFO] [GO_CNTR] Запуск цикла репликации каждые 10 сек.
[2025-04-08 19:51:59.897] [INFO] [GO_CNTR] --- Начало нового цикла опроса ТО ---
[2025-04-08 19:51:59.897] [INFO] [T01REG] Запрос данных с начала у T01REG
[2025-04-08 19:51:59.942] [INFO] [T02REG] Запрос данных с начала у T02REG
[2025-04-08 19:51:59.973] [REPLICA] [T01REG] Получено 60 записей от T01REG. Первая OBJ: T01REG_OBJ_01
[2025-04-08 19:51:59.996] [REPLICA] [T01REG] Успешно вставлено 60 новых записей в BODI из 60 полученных от T01REG.
[2025-04-08 19:52:00.000] [INFO] [T01REG] Запись о пакете (60 шт.) добавлена/обновлена в BODK для T01REG
[2025-04-08 19:52:00.001] [INFO] [T01REG] Обновлена последняя метка DATV для T01REG на: 2025-04-08T16:51:58.481Z
[2025-04-08 19:52:00.003] [REPLICA] [T02REG] Получено 52 записей от T02REG. Первая OBJ: T02REG_OBJ_01
[2025-04-08 19:52:00.009] [REPLICA] [T02REG] Успешно вставлено 52 новых записей в BODI из 52 полученных от T02REG.
[2025-04-08 19:52:00.013] [INFO] [T02REG] Запись о пакете (52 шт.) добавлена/обновлена в BODK для T02REG
[2025-04-08 19:52:00.013] [INFO] [T02REG] Обновлена последняя метка DATV для T02REG на: 2025-04-08T16:51:53.423Z
[2025-04-08 19:57:37.685] [INFO] [GO_CNTR] База данных SQLite ГО подключена: D:\University\2sem\RIS\4-5\CentralService\go.sqlite
[2025-04-08 19:57:37.708] [INFO] [GO_CNTR] Таблица T_IST уже содержит данные.
[2025-04-08 19:57:37.708] [INFO] [GO_CNTR] Будут опрашиваться субъекты ТО из БД: T01REG, T02REG
[2025-04-08 19:57:37.708] [INFO] [GO_CNTR] Таблица T_SUB уже содержит данные.
[2025-04-08 19:57:37.709] [INFO] [GO_CNTR] Центральный сервис ГО (GO_CNTR) с SQLite запущен
[2025-04-08 19:57:37.707] [INFO] [GO_CNTR] Структура таблиц ГО проверена/создана.
[2025-04-08 19:57:37.709] [INFO] [GO_CNTR] Запуск цикла репликации каждые 10 сек.
[2025-04-08 19:57:37.709] [INFO] [GO_CNTR] Адрес: http://localhost:3000
[2025-04-08 19:57:37.709] [INFO] [GO_CNTR] --- Начало нового цикла опроса ТО ---
[2025-04-08 19:57:37.710] [INFO] [T01REG] Запрос данных с начала у T01REG
[2025-04-08 19:57:37.736] [INFO] [T02REG] Запрос данных с начала у T02REG
[2025-04-08 19:57:37.761] [REPLICA] [T02REG] Получено 12 записей от T02REG. Первая OBJ: T02REG_OBJ_01
[2025-04-08 19:57:37.776] [REPLICA] [T02REG] Успешно вставлено 12 новых записей в BODI из 12 полученных от T02REG.
[2025-04-08 19:57:37.779] [INFO] [T02REG] Запись о пакете (12 шт.) добавлена/обновлена в BODK для T02REG
[2025-04-08 19:57:37.780] [INFO] [T02REG] Обновлена последняя метка DATV для T02REG на: 2025-04-08T16:57:32.213Z
[2025-04-08 19:57:37.782] [REPLICA] [T01REG] Получено 10 записей от T01REG. Первая OBJ: T01REG_OBJ_01
[2025-04-08 19:57:37.786] [REPLICA] [T01REG] Успешно вставлено 10 новых записей в BODI из 10 полученных от T01REG.
[2025-04-08 19:57:37.791] [INFO] [T01REG] Обновлена последняя метка DATV для T01REG на: 2025-04-08T16:57:33.768Z
[2025-04-08 19:57:37.790] [INFO] [T01REG] Запись о пакете (10 шт.) добавлена/обновлена в BODK для T01REG
[2025-04-08 19:57:47.749] [INFO] [T01REG] Запрос данных с метки: 2025-04-08T16:57:33.768Z у T01REG
[2025-04-08 19:57:47.748] [INFO] [GO_CNTR] --- Начало нового цикла опроса ТО ---
[2025-04-08 19:57:47.752] [INFO] [T02REG] Запрос данных с метки: 2025-04-08T16:57:32.213Z у T02REG
[2025-04-08 19:57:47.761] [REPLICA] [T02REG] Получено 6 записей от T02REG. Первая OBJ: T02REG_OBJ_07
[2025-04-08 19:57:47.788] [REPLICA] [T02REG] Успешно вставлено 6 новых записей в BODI из 6 полученных от T02REG.
[2025-04-08 19:57:47.793] [INFO] [T02REG] Обновлена последняя метка DATV для T02REG на: 2025-04-08T16:57:46.246Z
[2025-04-08 19:57:47.795] [REPLICA] [T01REG] Получено 6 записей от T01REG. Первая OBJ: T01REG_OBJ_08
[2025-04-08 19:57:47.807] [REPLICA] [T01REG] Успешно вставлено 6 новых записей в BODI из 6 полученных от T01REG.
[2025-04-08 19:57:47.813] [INFO] [T01REG] Запись о пакете (6 шт.) добавлена/обновлена в BODK для T01REG
[2025-04-08 19:57:47.814] [INFO] [T01REG] Обновлена последняя метка DATV для T01REG на: 2025-04-08T16:57:43.839Z
[2025-04-08 19:57:47.793] [INFO] [T02REG] Запись о пакете (6 шт.) добавлена/обновлена в BODK для T02REG
[2025-04-08 19:57:57.753] [INFO] [GO_CNTR] --- Начало нового цикла опроса ТО ---
[2025-04-08 19:57:57.753] [INFO] [T01REG] Запрос данных с метки: 2025-04-08T16:57:43.839Z у T01REG
[2025-04-08 19:57:57.756] [INFO] [T02REG] Запрос данных с метки: 2025-04-08T16:57:46.246Z у T02REG
[2025-04-08 19:57:57.763] [REPLICA] [T02REG] Получено 1 записей от T02REG. Первая OBJ: T02REG_OBJ_02
[2025-04-08 19:57:57.798] [INFO] [T02REG] Запись о пакете (1 шт.) добавлена/обновлена в BODK для T02REG
[2025-04-08 19:57:57.794] [REPLICA] [T02REG] Успешно вставлено 1 новых записей в BODI из 1 полученных от T02REG.
[2025-04-08 19:57:57.801] [REPLICA] [T01REG] Получено 6 записей от T01REG. Первая OBJ: T01REG_OBJ_07
[2025-04-08 19:57:57.806] [REPLICA] [T01REG] Успешно вставлено 6 новых записей в BODI из 6 полученных от T01REG.
[2025-04-08 19:57:57.813] [INFO] [T01REG] Обновлена последняя метка DATV для T01REG на: 2025-04-08T16:57:53.855Z
[2025-04-08 19:57:57.812] [INFO] [T01REG] Запись о пакете (6 шт.) добавлена/обновлена в BODK для T01REG
[2025-04-08 19:57:57.799] [INFO] [T02REG] Обновлена последняя метка DATV для T02REG на: 2025-04-08T16:57:53.220Z
[2025-04-09 10:14:49.202] [INFO] [GO_CNTR] База данных SQLite ГО подключена: D:\University\2sem\RIS\4-5\CentralService\go.sqlite
[2025-04-09 10:14:49.238] [INFO] [GO_CNTR] Структура таблиц ГО проверена/создана.
[2025-04-09 10:14:49.240] [INFO] [GO_CNTR] Заполнение таблицы T_SUB начальными данными...
[2025-04-09 10:14:49.246] [INFO] [GO_CNTR] T_IST заполнена.
[2025-04-09 10:14:49.248] [INFO] [GO_CNTR] Будут опрашиваться субъекты ТО из БД: T01REG, T02REG
[2025-04-09 10:14:49.249] [INFO] [GO_CNTR] Центральный сервис ГО (GO_CNTR) с SQLite запущен
[2025-04-09 10:14:49.249] [INFO] [GO_CNTR] Адрес: http://localhost:3000
[2025-04-09 10:14:49.250] [INFO] [GO_CNTR] Запуск цикла репликации каждые 10 сек.
[2025-04-09 10:14:49.250] [INFO] [GO_CNTR] --- Начало нового цикла опроса ТО ---
[2025-04-09 10:14:49.245] [INFO] [GO_CNTR] Заполнение таблицы T_IST начальными данными...
[2025-04-09 10:14:49.294] [INFO] [T02REG] Запрос данных с начала у T02REG
[2025-04-09 10:14:49.250] [INFO] [T01REG] Запрос данных с начала у T01REG
[2025-04-09 10:14:49.242] [INFO] [GO_CNTR] T_SUB заполнена.
[2025-04-09 10:14:49.309] [ERROR] [T02REG] Ошибка репликации: Сервис недоступен (ECONNREFUSED)
[2025-04-09 10:14:49.308] [ERROR] [T01REG] Ошибка репликации: Сервис недоступен (ECONNREFUSED)
[2025-04-09 10:14:59.312] [INFO] [GO_CNTR] --- Начало нового цикла опроса ТО ---
[2025-04-09 10:14:59.316] [INFO] [T02REG] Запрос данных с начала у T02REG
[2025-04-09 10:14:59.313] [INFO] [T01REG] Запрос данных с начала у T01REG
[2025-04-09 10:14:59.323] [ERROR] [T01REG] Ошибка репликации: Сервис недоступен (ECONNREFUSED)
[2025-04-09 10:14:59.324] [ERROR] [T02REG] Ошибка репликации: Сервис недоступен (ECONNREFUSED)
[2025-04-09 10:15:09.318] [INFO] [GO_CNTR] --- Начало нового цикла опроса ТО ---
[2025-04-09 10:15:09.318] [INFO] [T01REG] Запрос данных с начала у T01REG
[2025-04-09 10:15:09.321] [INFO] [T02REG] Запрос данных с начала у T02REG
[2025-04-09 10:15:09.329] [ERROR] [T02REG] Ошибка репликации: Сервис недоступен (ECONNREFUSED)
[2025-04-09 10:15:09.347] [REPLICA] [T01REG] Получено 10 записей от T01REG. Первая OBJ: T01REG_OBJ_01
[2025-04-09 10:15:09.352] [REPLICA] [T01REG] Успешно вставлено 10 новых записей в BODI из 10 полученных от T01REG.
[2025-04-09 10:15:09.356] [INFO] [T01REG] Обновлена последняя метка DATV для T01REG на: 2025-04-09T07:15:06.203Z
[2025-04-09 10:15:09.356] [INFO] [T01REG] Запись о пакете (10 шт.) добавлена/обновлена в BODK для T01REG
[2025-04-09 10:15:19.317] [INFO] [GO_CNTR] --- Начало нового цикла опроса ТО ---
[2025-04-09 10:15:19.318] [INFO] [T01REG] Запрос данных с метки: 2025-04-09T07:15:06.203Z у T01REG
[2025-04-09 10:15:19.320] [INFO] [T02REG] Запрос данных с начала у T02REG
[2025-04-09 10:15:19.324] [ERROR] [T02REG] Ошибка репликации: Сервис недоступен (ECONNREFUSED)
[2025-04-09 10:15:19.326] [REPLICA] [T01REG] Получено 3 записей от T01REG. Первая OBJ: T01REG_OBJ_03
[2025-04-09 10:15:19.348] [REPLICA] [T01REG] Успешно вставлено 3 новых записей в BODI из 3 полученных от T01REG.
[2025-04-09 10:15:19.352] [INFO] [T01REG] Запись о пакете (3 шт.) добавлена/обновлена в BODK для T01REG
[2025-04-09 10:15:19.352] [INFO] [T01REG] Обновлена последняя метка DATV для T01REG на: 2025-04-09T07:15:16.244Z
[2025-04-09 10:15:29.319] [INFO] [GO_CNTR] --- Начало нового цикла опроса ТО ---
[2025-04-09 10:15:29.319] [INFO] [T01REG] Запрос данных с метки: 2025-04-09T07:15:16.244Z у T01REG
[2025-04-09 10:15:29.322] [INFO] [T02REG] Запрос данных с начала у T02REG
[2025-04-09 10:15:29.330] [REPLICA] [T01REG] Получено 7 записей от T01REG. Первая OBJ: T01REG_OBJ_04
[2025-04-09 10:15:29.351] [INFO] [T01REG] Обновлена последняя метка DATV для T01REG на: 2025-04-09T07:15:26.263Z
[2025-04-09 10:15:29.354] [REPLICA] [T02REG] Получено 10 записей от T02REG. Первая OBJ: T02REG_OBJ_01
[2025-04-09 10:15:29.358] [REPLICA] [T02REG] Успешно вставлено 10 новых записей в BODI из 10 полученных от T02REG.
[2025-04-09 10:15:29.361] [INFO] [T02REG] Запись о пакете (10 шт.) добавлена/обновлена в BODK для T02REG
[2025-04-09 10:15:29.346] [REPLICA] [T01REG] Успешно вставлено 7 новых записей в BODI из 7 полученных от T01REG.
[2025-04-09 10:15:29.351] [INFO] [T01REG] Запись о пакете (7 шт.) добавлена/обновлена в BODK для T01REG
[2025-04-09 10:15:29.362] [INFO] [T02REG] Обновлена последняя метка DATV для T02REG на: 2025-04-09T07:15:25.338Z
[2025-04-09 10:15:39.321] [INFO] [GO_CNTR] --- Начало нового цикла опроса ТО ---
[2025-04-09 10:15:39.321] [INFO] [T01REG] Запрос данных с метки: 2025-04-09T07:15:26.263Z у T01REG
[2025-04-09 10:15:39.323] [INFO] [T02REG] Запрос данных с метки: 2025-04-09T07:15:25.338Z у T02REG
[2025-04-09 10:15:39.328] [REPLICA] [T01REG] Получено 5 записей от T01REG. Первая OBJ: T01REG_OBJ_01
[2025-04-09 10:15:39.351] [REPLICA] [T01REG] Успешно вставлено 5 новых записей в BODI из 5 полученных от T01REG.
[2025-04-09 10:15:39.355] [INFO] [T01REG] Обновлена последняя метка DATV для T01REG на: 2025-04-09T07:15:36.242Z
[2025-04-09 10:15:39.361] [REPLICA] [T02REG] Успешно вставлено 1 новых записей в BODI из 1 полученных от T02REG.
[2025-04-09 10:15:39.368] [INFO] [T02REG] Обновлена последняя метка DATV для T02REG на: 2025-04-09T07:15:32.352Z
[2025-04-09 10:15:39.356] [REPLICA] [T02REG] Получено 1 записей от T02REG. Первая OBJ: T02REG_OBJ_04
[2025-04-09 10:15:39.367] [INFO] [T02REG] Запись о пакете (1 шт.) добавлена/обновлена в BODK для T02REG
[2025-04-09 10:15:39.354] [INFO] [T01REG] Запись о пакете (5 шт.) добавлена/обновлена в BODK для T01REG
[2025-04-09 10:15:49.324] [INFO] [GO_CNTR] --- Начало нового цикла опроса ТО ---
[2025-04-09 10:15:49.326] [INFO] [T02REG] Запрос данных с метки: 2025-04-09T07:15:32.352Z у T02REG
[2025-04-09 10:15:49.325] [INFO] [T01REG] Запрос данных с метки: 2025-04-09T07:15:36.242Z у T01REG
[2025-04-09 10:15:49.332] [REPLICA] [T01REG] Получено 4 записей от T01REG. Первая OBJ: T01REG_OBJ_03
[2025-04-09 10:15:49.343] [REPLICA] [T01REG] Успешно вставлено 4 новых записей в BODI из 4 полученных от T01REG.
[2025-04-09 10:15:49.347] [INFO] [T01REG] Запись о пакете (4 шт.) добавлена/обновлена в BODK для T01REG
[2025-04-09 10:15:49.347] [INFO] [T01REG] Обновлена последняя метка DATV для T01REG на: 2025-04-09T07:15:46.271Z
[2025-04-09 10:15:49.348] [REPLICA] [T02REG] Получено 7 записей от T02REG. Первая OBJ: T02REG_OBJ_02
[2025-04-09 10:15:49.353] [REPLICA] [T02REG] Успешно вставлено 7 новых записей в BODI из 7 полученных от T02REG.
[2025-04-09 10:15:49.356] [INFO] [T02REG] Запись о пакете (7 шт.) добавлена/обновлена в BODK для T02REG
[2025-04-09 10:15:49.357] [INFO] [T02REG] Обновлена последняя метка DATV для T02REG на: 2025-04-09T07:15:46.391Z
[2025-04-09 10:15:59.331] [INFO] [GO_CNTR] --- Начало нового цикла опроса ТО ---
[2025-04-09 10:15:59.331] [INFO] [T01REG] Запрос данных с метки: 2025-04-09T07:15:46.271Z у T01REG
[2025-04-09 10:15:59.333] [INFO] [T02REG] Запрос данных с метки: 2025-04-09T07:15:46.391Z у T02REG
[2025-04-09 10:15:59.339] [REPLICA] [T01REG] Получено 5 записей от T01REG. Первая OBJ: T01REG_OBJ_01
[2025-04-09 10:15:59.363] [REPLICA] [T01REG] Успешно вставлено 5 новых записей в BODI из 5 полученных от T01REG.
[2025-04-09 10:15:59.367] [INFO] [T01REG] Обновлена последняя метка DATV для T01REG на: 2025-04-09T07:15:56.315Z
[2025-04-09 10:15:59.366] [INFO] [T01REG] Запись о пакете (5 шт.) добавлена/обновлена в BODK для T01REG
[2025-04-09 10:15:59.372] [REPLICA] [T02REG] Успешно вставлено 4 новых записей в BODI из 4 полученных от T02REG.
[2025-04-09 10:15:59.375] [INFO] [T02REG] Запись о пакете (4 шт.) добавлена/обновлена в BODK для T02REG
[2025-04-09 10:15:59.368] [REPLICA] [T02REG] Получено 4 записей от T02REG. Первая OBJ: T02REG_OBJ_05
[2025-04-09 10:15:59.375] [INFO] [T02REG] Обновлена последняя метка DATV для T02REG на: 2025-04-09T07:15:53.402Z
[2025-04-09 10:15:59.971] [INFO] [GO_CNTR] Получен запрос на /central-data
[2025-04-09 10:16:02.948] [INFO] [GO_CNTR] Получен запрос на /central-data
[2025-04-09 10:16:03.919] [INFO] [GO_CNTR] Получен запрос на /central-data
[2025-04-09 10:16:04.648] [INFO] [GO_CNTR] Получен запрос на /central-data
[2025-04-09 10:16:07.783] [INFO] [GO_CNTR] Получен запрос на /central-data
[2025-04-09 10:16:09.338] [INFO] [GO_CNTR] --- Начало нового цикла опроса ТО ---
[2025-04-09 10:16:09.338] [INFO] [T01REG] Запрос данных с метки: 2025-04-09T07:15:56.315Z у T01REG
[2025-04-09 10:16:09.340] [INFO] [T02REG] Запрос данных с метки: 2025-04-09T07:15:53.402Z у T02REG
[2025-04-09 10:16:09.347] [REPLICA] [T02REG] Получено 2 записей от T02REG. Первая OBJ: T02REG_OBJ_04
[2025-04-09 10:16:09.366] [INFO] [T02REG] Запись о пакете (2 шт.) добавлена/обновлена в BODK для T02REG
[2025-04-09 10:16:09.361] [REPLICA] [T02REG] Успешно вставлено 2 новых записей в BODI из 2 полученных от T02REG.
[2025-04-09 10:16:09.372] [REPLICA] [T01REG] Успешно вставлено 4 новых записей в BODI из 4 полученных от T01REG.
[2025-04-09 10:16:09.368] [REPLICA] [T01REG] Получено 4 записей от T01REG. Первая OBJ: T01REG_OBJ_03
[2025-04-09 10:16:09.366] [INFO] [T02REG] Обновлена последняя метка DATV для T02REG на: 2025-04-09T07:16:07.385Z
[2025-04-09 10:16:09.375] [INFO] [T01REG] Запись о пакете (4 шт.) добавлена/обновлена в BODK для T01REG
[2025-04-09 10:16:09.375] [INFO] [T01REG] Обновлена последняя метка DATV для T01REG на: 2025-04-09T07:16:06.292Z
[2025-04-09 10:16:10.507] [INFO] [GO_CNTR] Получен запрос на /central-data
[2025-04-09 10:16:19.346] [INFO] [GO_CNTR] --- Начало нового цикла опроса ТО ---
[2025-04-09 10:16:19.347] [INFO] [T01REG] Запрос данных с метки: 2025-04-09T07:16:06.292Z у T01REG
[2025-04-09 10:16:19.348] [INFO] [T02REG] Запрос данных с метки: 2025-04-09T07:16:07.385Z у T02REG
[2025-04-09 10:16:19.355] [REPLICA] [T02REG] Получено 3 записей от T02REG. Первая OBJ: T02REG_OBJ_01
[2025-04-09 10:16:19.381] [INFO] [T02REG] Запись о пакете (3 шт.) добавлена/обновлена в BODK для T02REG
[2025-04-09 10:16:19.377] [REPLICA] [T02REG] Успешно вставлено 3 новых записей в BODI из 3 полученных от T02REG.
[2025-04-09 10:16:19.382] [REPLICA] [T01REG] Получено 6 записей от T01REG. Первая OBJ: T01REG_OBJ_02
[2025-04-09 10:16:19.381] [INFO] [T02REG] Обновлена последняя метка DATV для T02REG на: 2025-04-09T07:16:14.425Z
[2025-04-09 10:16:19.386] [REPLICA] [T01REG] Успешно вставлено 6 новых записей в BODI из 6 полученных от T01REG.
[2025-04-09 10:16:19.389] [INFO] [T01REG] Запись о пакете (6 шт.) добавлена/обновлена в BODK для T01REG
[2025-04-09 10:16:19.390] [INFO] [T01REG] Обновлена последняя метка DATV для T01REG на: 2025-04-09T07:16:16.327Z
[2025-04-09 10:17:27.630] [INFO] [GO_CNTR] База данных SQLite ГО подключена: D:\University\2sem\RIS\4-5\CentralService\go.sqlite
[2025-04-09 10:17:27.635] [INFO] [GO_CNTR] Таблица T_IST уже содержит данные.
[2025-04-09 10:17:27.634] [INFO] [GO_CNTR] Структура таблиц ГО проверена/создана.
[2025-04-09 10:17:27.636] [INFO] [GO_CNTR] Будут опрашиваться субъекты ТО из БД: T01REG, T02REG
[2025-04-09 10:17:27.636] [INFO] [GO_CNTR] Центральный сервис ГО (GO_CNTR) с SQLite запущен
[2025-04-09 10:17:27.635] [INFO] [GO_CNTR] Таблица T_SUB уже содержит данные.
[2025-04-09 10:17:27.637] [INFO] [GO_CNTR] --- Начало нового цикла опроса ТО ---
[2025-04-09 10:17:27.637] [INFO] [GO_CNTR] Адрес: http://localhost:3000
[2025-04-09 10:17:27.637] [INFO] [GO_CNTR] Запуск цикла репликации каждые 10 сек.
[2025-04-09 10:17:27.638] [INFO] [T01REG] Запрос данных с начала у T01REG
[2025-04-09 10:17:27.673] [INFO] [T02REG] Запрос данных с начала у T02REG
[2025-04-09 10:17:27.702] [REPLICA] [T02REG] Получено 35 записей от T02REG. Первая OBJ: T02REG_OBJ_01
[2025-04-09 10:17:27.725] [REPLICA] [T02REG] Успешно вставлено 8 новых записей в BODI из 35 полученных от T02REG.
[2025-04-09 10:17:27.729] [INFO] [T02REG] Запись о пакете (8 шт.) добавлена/обновлена в BODK для T02REG
[2025-04-09 10:17:27.729] [INFO] [T02REG] Обновлена последняя метка DATV для T02REG на: 2025-04-09T07:17:21.911Z
[2025-04-09 10:17:27.731] [REPLICA] [T01REG] Получено 53 записей от T01REG. Первая OBJ: T01REG_OBJ_01
[2025-04-09 10:17:27.736] [REPLICA] [T01REG] Успешно вставлено 9 новых записей в BODI из 53 полученных от T01REG.
[2025-04-09 10:17:27.740] [INFO] [T01REG] Запись о пакете (9 шт.) добавлена/обновлена в BODK для T01REG
[2025-04-09 10:17:27.741] [INFO] [T01REG] Обновлена последняя метка DATV для T01REG на: 2025-04-09T07:16:26.352Z
[2025-04-09 10:17:37.680] [INFO] [GO_CNTR] --- Начало нового цикла опроса ТО ---
[2025-04-09 10:17:37.681] [INFO] [T01REG] Запрос данных с метки: 2025-04-09T07:16:26.352Z у T01REG
[2025-04-09 10:17:37.684] [INFO] [T02REG] Запрос данных с метки: 2025-04-09T07:17:21.911Z у T02REG
[2025-04-09 10:17:37.692] [REPLICA] [T01REG] Получено 10 записей от T01REG. Первая OBJ: T01REG_OBJ_04
[2025-04-09 10:17:37.696] [REPLICA] [T01REG] Успешно вставлено 10 новых записей в BODI из 10 полученных от T01REG.
[2025-04-09 10:17:37.700] [INFO] [T01REG] Запись о пакете (10 шт.) добавлена/обновлена в BODK для T01REG
[2025-04-09 10:17:37.701] [INFO] [T01REG] Обновлена последняя метка DATV для T01REG на: 2025-04-09T07:17:37.674Z
[2025-04-09 10:17:37.702] [REPLICA] [T02REG] Получено 2 записей от T02REG. Первая OBJ: T02REG_OBJ_01
[2025-04-09 10:17:37.706] [REPLICA] [T02REG] Успешно вставлено 2 новых записей в BODI из 2 полученных от T02REG.
[2025-04-09 10:17:37.711] [INFO] [T02REG] Запись о пакете (2 шт.) добавлена/обновлена в BODK для T02REG
[2025-04-09 10:17:37.712] [INFO] [T02REG] Обновлена последняя метка DATV для T02REG на: 2025-04-09T07:17:31.908Z
[2025-04-09 10:17:47.696] [INFO] [GO_CNTR] --- Начало нового цикла опроса ТО ---
[2025-04-09 10:17:47.697] [INFO] [T01REG] Запрос данных с метки: 2025-04-09T07:17:37.674Z у T01REG
[2025-04-09 10:17:47.699] [INFO] [T02REG] Запрос данных с метки: 2025-04-09T07:17:31.908Z у T02REG
[2025-04-09 10:17:47.730] [REPLICA] [T01REG] Успешно вставлено 3 новых записей в BODI из 3 полученных от T01REG.
[2025-04-09 10:17:47.733] [INFO] [T01REG] Запись о пакете (3 шт.) добавлена/обновлена в BODK для T01REG
[2025-04-09 10:17:47.708] [REPLICA] [T01REG] Получено 3 записей от T01REG. Первая OBJ: T01REG_OBJ_04
[2025-04-09 10:17:47.734] [INFO] [T01REG] Обновлена последняя метка DATV для T01REG на: 2025-04-09T07:17:44.671Z
[2025-04-09 10:17:47.742] [INFO] [T02REG] Обновлена последняя метка DATV для T02REG на: 2025-04-09T07:17:41.901Z
[2025-04-09 10:17:47.738] [REPLICA] [T02REG] Успешно вставлено 1 новых записей в BODI из 1 полученных от T02REG.
[2025-04-09 10:17:47.735] [REPLICA] [T02REG] Получено 1 записей от T02REG. Первая OBJ: T02REG_OBJ_01
[2025-04-09 10:17:47.742] [INFO] [T02REG] Запись о пакете (1 шт.) добавлена/обновлена в BODK для T02REG
[2025-04-09 10:17:57.704] [INFO] [GO_CNTR] --- Начало нового цикла опроса ТО ---
[2025-04-09 10:17:57.704] [INFO] [T01REG] Запрос данных с метки: 2025-04-09T07:17:44.671Z у T01REG
[2025-04-09 10:17:57.706] [INFO] [T02REG] Запрос данных с метки: 2025-04-09T07:17:41.901Z у T02REG
[2025-04-09 10:17:57.714] [REPLICA] [T01REG] Получено 2 записей от T01REG. Первая OBJ: T01REG_OBJ_01
[2025-04-09 10:17:57.738] [REPLICA] [T01REG] Успешно вставлено 2 новых записей в BODI из 2 полученных от T01REG.
[2025-04-09 10:17:57.742] [INFO] [T01REG] Запись о пакете (2 шт.) добавлена/обновлена в BODK для T01REG
[2025-04-09 10:17:57.742] [INFO] [T01REG] Обновлена последняя метка DATV для T01REG на: 2025-04-09T07:17:51.673Z
[2025-04-09 10:17:57.744] [REPLICA] [T02REG] Получено 1 записей от T02REG. Первая OBJ: T02REG_OBJ_02
[2025-04-09 10:17:57.748] [REPLICA] [T02REG] Успешно вставлено 1 новых записей в BODI из 1 полученных от T02REG.
[2025-04-09 10:17:57.752] [INFO] [T02REG] Запись о пакете (1 шт.) добавлена/обновлена в BODK для T02REG
[2025-04-09 10:17:57.753] [INFO] [T02REG] Обновлена последняя метка DATV для T02REG на: 2025-04-09T07:17:51.902Z
[2025-04-09 10:18:15.501] [INFO] [GO_CNTR] База данных SQLite ГО подключена: D:\University\2sem\RIS\4-5\CentralService\go.sqlite
[2025-04-09 10:18:15.507] [INFO] [GO_CNTR] Таблица T_SUB уже содержит данные.
[2025-04-09 10:18:15.506] [INFO] [GO_CNTR] Структура таблиц ГО проверена/создана.
[2025-04-09 10:18:15.507] [INFO] [GO_CNTR] Таблица T_IST уже содержит данные.
[2025-04-09 10:18:15.508] [INFO] [GO_CNTR] Будут опрашиваться субъекты ТО из БД: T01REG, T02REG
[2025-04-09 10:18:15.509] [INFO] [GO_CNTR] Центральный сервис ГО (GO_CNTR) с SQLite запущен
[2025-04-09 10:18:15.509] [INFO] [GO_CNTR] Адрес: http://localhost:3000
[2025-04-09 10:18:15.509] [INFO] [GO_CNTR] Запуск цикла репликации каждые 3 сек.
[2025-04-09 10:18:15.509] [INFO] [GO_CNTR] --- Начало нового цикла опроса ТО ---
[2025-04-09 10:18:15.510] [INFO] [T01REG] Запрос данных с начала у T01REG
[2025-04-09 10:18:15.592] [INFO] [T02REG] Запрос данных с начала у T02REG
[2025-04-09 10:18:15.621] [REPLICA] [T02REG] Получено 44 записей от T02REG. Первая OBJ: T02REG_OBJ_01
[2025-04-09 10:18:15.645] [REPLICA] [T02REG] Успешно вставлено 5 новых записей в BODI из 44 полученных от T02REG.
[2025-04-09 10:18:15.649] [INFO] [T02REG] Запись о пакете (5 шт.) добавлена/обновлена в BODK для T02REG
[2025-04-09 10:18:15.657] [REPLICA] [T01REG] Успешно вставлено 8 новых записей в BODI из 76 полученных от T01REG.
[2025-04-09 10:18:15.650] [INFO] [T02REG] Обновлена последняя метка DATV для T02REG на: 2025-04-09T07:18:11.948Z
[2025-04-09 10:18:15.660] [INFO] [T01REG] Запись о пакете (8 шт.) добавлена/обновлена в BODK для T01REG
[2025-04-09 10:18:15.652] [REPLICA] [T01REG] Получено 76 записей от T01REG. Первая OBJ: T01REG_OBJ_01
[2025-04-09 10:18:15.660] [INFO] [T01REG] Обновлена последняя метка DATV для T01REG на: 2025-04-09T07:18:12.670Z
[2025-04-09 10:18:18.602] [INFO] [GO_CNTR] --- Начало нового цикла опроса ТО ---
[2025-04-09 10:18:18.603] [INFO] [T01REG] Запрос данных с метки: 2025-04-09T07:18:12.670Z у T01REG
[2025-04-09 10:18:18.605] [INFO] [T02REG] Запрос данных с метки: 2025-04-09T07:18:11.948Z у T02REG
[2025-04-09 10:18:18.624] [INFO] [T01REG] Нет новых записей для получения от T01REG.
[2025-04-09 10:18:18.629] [INFO] [T02REG] Нет новых записей для получения от T02REG.
[2025-04-09 10:18:21.608] [INFO] [GO_CNTR] --- Начало нового цикла опроса ТО ---
[2025-04-09 10:18:21.608] [INFO] [T01REG] Запрос данных с метки: 2025-04-09T07:18:12.670Z у T01REG
[2025-04-09 10:18:21.611] [INFO] [T02REG] Запрос данных с метки: 2025-04-09T07:18:11.948Z у T02REG
[2025-04-09 10:18:21.617] [REPLICA] [T01REG] Получено 4 записей от T01REG. Первая OBJ: T01REG_OBJ_03
[2025-04-09 10:18:21.638] [REPLICA] [T01REG] Успешно вставлено 4 новых записей в BODI из 4 полученных от T01REG.
[2025-04-09 10:18:21.643] [INFO] [T01REG] Обновлена последняя метка DATV для T01REG на: 2025-04-09T07:18:19.695Z
[2025-04-09 10:18:21.644] [INFO] [T02REG] Нет новых записей для получения от T02REG.
[2025-04-09 10:18:21.642] [INFO] [T01REG] Запись о пакете (4 шт.) добавлена/обновлена в BODK для T01REG
[2025-04-09 11:44:04.875] [INFO] [GO_CNTR] База данных SQLite ГО подключена: D:\University\2sem\RIS\4-5\CentralService\go.sqlite
[2025-04-09 11:44:04.927] [INFO] [GO_CNTR] Структура таблиц ГО проверена/создана.
[2025-04-09 11:44:04.929] [INFO] [GO_CNTR] T_SUB заполнена.
[2025-04-09 11:44:04.929] [INFO] [GO_CNTR] Заполнение таблицы T_SUB начальными данными...
[2025-04-09 11:44:04.932] [INFO] [GO_CNTR] Заполнение таблицы T_IST начальными данными...
[2025-04-09 11:44:04.933] [INFO] [GO_CNTR] T_IST заполнена.
[2025-04-09 11:44:04.936] [INFO] [GO_CNTR] Будут опрашиваться субъекты ТО из БД: T01REG, T02REG
[2025-04-09 11:44:04.937] [INFO] [GO_CNTR] Центральный сервис ГО (GO_CNTR) с SQLite запущен
[2025-04-09 11:44:04.938] [INFO] [GO_CNTR] --- Начало нового цикла опроса ТО ---
[2025-04-09 11:44:04.937] [INFO] [GO_CNTR] Адрес: http://localhost:3000
[2025-04-09 11:44:04.939] [INFO] [T01REG] Запрос данных с начала у T01REG
[2025-04-09 11:44:04.938] [INFO] [GO_CNTR] Запуск цикла репликации каждые 6 сек.
[2025-04-09 11:44:04.981] [INFO] [T02REG] Запрос данных с начала у T02REG
[2025-04-09 11:44:04.996] [ERROR] [T01REG] Ошибка репликации: Сервис недоступен (ECONNREFUSED)
[2025-04-09 11:44:04.997] [ERROR] [T02REG] Ошибка репликации: Сервис недоступен (ECONNREFUSED)
[2025-04-09 11:44:10.993] [INFO] [GO_CNTR] --- Начало нового цикла опроса ТО ---
[2025-04-09 11:44:10.994] [INFO] [T01REG] Запрос данных с начала у T01REG
[2025-04-09 11:44:10.996] [INFO] [T02REG] Запрос данных с начала у T02REG
[2025-04-09 11:44:11.001] [ERROR] [T01REG] Ошибка репликации: Сервис недоступен (ECONNREFUSED)
[2025-04-09 11:44:11.002] [ERROR] [T02REG] Ошибка репликации: Сервис недоступен (ECONNREFUSED)
[2025-04-09 11:44:17.000] [INFO] [GO_CNTR] --- Начало нового цикла опроса ТО ---
[2025-04-09 11:44:17.000] [INFO] [T01REG] Запрос данных с начала у T01REG
[2025-04-09 11:44:17.003] [INFO] [T02REG] Запрос данных с начала у T02REG
[2025-04-09 11:44:17.007] [ERROR] [T01REG] Ошибка репликации: Сервис недоступен (ECONNREFUSED)
[2025-04-09 11:44:17.008] [ERROR] [T02REG] Ошибка репликации: Сервис недоступен (ECONNREFUSED)
[2025-04-09 11:44:23.000] [INFO] [GO_CNTR] --- Начало нового цикла опроса ТО ---
[2025-04-09 11:44:23.001] [INFO] [T01REG] Запрос данных с начала у T01REG
[2025-04-09 11:44:23.003] [INFO] [T02REG] Запрос данных с начала у T02REG
[2025-04-09 11:44:23.011] [ERROR] [T02REG] Ошибка репликации: Сервис недоступен (ECONNREFUSED)
[2025-04-09 11:44:23.040] [REPLICA] [T01REG] Получено 10 записей от T01REG. Первая OBJ: T01REG_OBJ_01
[2025-04-09 11:44:23.045] [REPLICA] [T01REG] Успешно вставлено 10 новых записей в BODI из 10 полученных от T01REG.
[2025-04-09 11:44:23.049] [INFO] [T01REG] Запись о пакете (10 шт.) добавлена/обновлена в BODK для T01REG
[2025-04-09 11:44:23.052] [INFO] [T01REG] Обновлена последняя метка DATV для T01REG на: 2025-04-09T08:44:23.016Z
[2025-04-09 11:44:29.004] [INFO] [T01REG] Запрос данных с метки: 2025-04-09T08:44:23.016Z у T01REG
[2025-04-09 11:44:29.003] [INFO] [GO_CNTR] --- Начало нового цикла опроса ТО ---
[2025-04-09 11:44:29.007] [INFO] [T02REG] Запрос данных с начала у T02REG
[2025-04-09 11:44:29.011] [ERROR] [T02REG] Ошибка репликации: Сервис недоступен (ECONNREFUSED)
[2025-04-09 11:44:29.014] [INFO] [T01REG] Нет новых записей для получения от T01REG.
[2025-04-09 11:44:35.009] [INFO] [GO_CNTR] --- Начало нового цикла опроса ТО ---
[2025-04-09 11:44:35.010] [INFO] [T01REG] Запрос данных с метки: 2025-04-09T08:44:23.016Z у T01REG
[2025-04-09 11:44:35.012] [INFO] [T02REG] Запрос данных с начала у T02REG
[2025-04-09 11:44:35.017] [ERROR] [T02REG] Ошибка репликации: Сервис недоступен (ECONNREFUSED)
[2025-04-09 11:44:35.049] [INFO] [T01REG] Запись о пакете (4 шт.) добавлена/обновлена в BODK для T01REG
[2025-04-09 11:44:35.046] [REPLICA] [T01REG] Успешно вставлено 4 новых записей в BODI из 4 полученных от T01REG.
[2025-04-09 11:44:35.021] [REPLICA] [T01REG] Получено 4 записей от T01REG. Первая OBJ: T01REG_OBJ_05
[2025-04-09 11:44:35.049] [INFO] [T01REG] Обновлена последняя метка DATV для T01REG на: 2025-04-09T08:44:30.050Z
[2025-04-09 11:44:41.018] [INFO] [GO_CNTR] --- Начало нового цикла опроса ТО ---
[2025-04-09 11:44:41.019] [INFO] [T01REG] Запрос данных с метки: 2025-04-09T08:44:30.050Z у T01REG
[2025-04-09 11:44:41.020] [INFO] [T02REG] Запрос данных с начала у T02REG
[2025-04-09 11:44:41.024] [ERROR] [T02REG] Ошибка репликации: Сервис недоступен (ECONNREFUSED)
[2025-04-09 11:44:41.027] [REPLICA] [T01REG] Получено 2 записей от T01REG. Первая OBJ: T01REG_OBJ_02
[2025-04-09 11:44:41.049] [REPLICA] [T01REG] Успешно вставлено 2 новых записей в BODI из 2 полученных от T01REG.
[2025-04-09 11:44:41.053] [INFO] [T01REG] Запись о пакете (2 шт.) добавлена/обновлена в BODK для T01REG
[2025-04-09 11:44:41.054] [INFO] [T01REG] Обновлена последняя метка DATV для T01REG на: 2025-04-09T08:44:37.064Z
[2025-04-09 11:44:47.024] [INFO] [GO_CNTR] --- Начало нового цикла опроса ТО ---
[2025-04-09 11:44:47.024] [INFO] [T01REG] Запрос данных с метки: 2025-04-09T08:44:37.064Z у T01REG
[2025-04-09 11:44:47.025] [INFO] [T02REG] Запрос данных с начала у T02REG
[2025-04-09 11:44:47.029] [ERROR] [T02REG] Ошибка репликации: Сервис недоступен (ECONNREFUSED)
[2025-04-09 11:44:47.031] [REPLICA] [T01REG] Получено 5 записей от T01REG. Первая OBJ: T01REG_OBJ_03
[2025-04-09 11:44:47.035] [REPLICA] [T01REG] Успешно вставлено 5 новых записей в BODI из 5 полученных от T01REG.
[2025-04-09 11:44:47.039] [INFO] [T01REG] Запись о пакете (5 шт.) добавлена/обновлена в BODK для T01REG
[2025-04-09 11:44:47.039] [INFO] [T01REG] Обновлена последняя метка DATV для T01REG на: 2025-04-09T08:44:44.071Z
[2025-04-09 11:44:53.037] [INFO] [GO_CNTR] --- Начало нового цикла опроса ТО ---
[2025-04-09 11:44:53.038] [INFO] [T01REG] Запрос данных с метки: 2025-04-09T08:44:44.071Z у T01REG
[2025-04-09 11:44:53.039] [INFO] [T02REG] Запрос данных с начала у T02REG
[2025-04-09 11:44:53.044] [ERROR] [T02REG] Ошибка репликации: Сервис недоступен (ECONNREFUSED)
[2025-04-09 11:44:53.046] [REPLICA] [T01REG] Получено 5 записей от T01REG. Первая OBJ: T01REG_OBJ_02
[2025-04-09 11:44:53.073] [INFO] [T01REG] Запись о пакете (5 шт.) добавлена/обновлена в BODK для T01REG
[2025-04-09 11:44:53.069] [REPLICA] [T01REG] Успешно вставлено 5 новых записей в BODI из 5 полученных от T01REG.
[2025-04-09 11:44:53.073] [INFO] [T01REG] Обновлена последняя метка DATV для T01REG на: 2025-04-09T08:44:51.085Z
[2025-04-09 11:44:59.041] [INFO] [GO_CNTR] --- Начало нового цикла опроса ТО ---
[2025-04-09 11:44:59.042] [INFO] [T01REG] Запрос данных с метки: 2025-04-09T08:44:51.085Z у T01REG
[2025-04-09 11:44:59.043] [INFO] [T02REG] Запрос данных с начала у T02REG
[2025-04-09 11:44:59.046] [ERROR] [T02REG] Ошибка репликации: Сервис недоступен (ECONNREFUSED)
[2025-04-09 11:44:59.071] [REPLICA] [T01REG] Успешно вставлено 1 новых записей в BODI из 1 полученных от T01REG.
[2025-04-09 11:44:59.075] [INFO] [T01REG] Обновлена последняя метка DATV для T01REG на: 2025-04-09T08:44:58.062Z
[2025-04-09 11:44:59.049] [REPLICA] [T01REG] Получено 1 записей от T01REG. Первая OBJ: T01REG_OBJ_05
[2025-04-09 11:44:59.075] [INFO] [T01REG] Запись о пакете (1 шт.) добавлена/обновлена в BODK для T01REG
[2025-04-09 11:45:05.056] [INFO] [GO_CNTR] --- Начало нового цикла опроса ТО ---
[2025-04-09 11:45:05.056] [INFO] [T01REG] Запрос данных с метки: 2025-04-09T08:44:58.062Z у T01REG
[2025-04-09 11:45:05.058] [INFO] [T02REG] Запрос данных с начала у T02REG
[2025-04-09 11:45:05.062] [ERROR] [T02REG] Ошибка репликации: Сервис недоступен (ECONNREFUSED)
[2025-04-09 11:45:05.067] [INFO] [T01REG] Нет новых записей для получения от T01REG.
[2025-04-09 11:45:11.060] [INFO] [GO_CNTR] --- Начало нового цикла опроса ТО ---
[2025-04-09 11:45:11.060] [INFO] [T01REG] Запрос данных с метки: 2025-04-09T08:44:58.062Z у T01REG
[2025-04-09 11:45:11.062] [INFO] [T02REG] Запрос данных с начала у T02REG
[2025-04-09 11:45:11.065] [ERROR] [T02REG] Ошибка репликации: Сервис недоступен (ECONNREFUSED)
[2025-04-09 11:45:11.069] [REPLICA] [T01REG] Получено 2 записей от T01REG. Первая OBJ: T01REG_OBJ_04
[2025-04-09 11:45:11.093] [REPLICA] [T01REG] Успешно вставлено 2 новых записей в BODI из 2 полученных от T01REG.
[2025-04-09 11:45:11.097] [INFO] [T01REG] Запись о пакете (2 шт.) добавлена/обновлена в BODK для T01REG
[2025-04-09 11:45:11.098] [INFO] [T01REG] Обновлена последняя метка DATV для T01REG на: 2025-04-09T08:45:05.089Z
[2025-04-09 11:45:17.064] [INFO] [GO_CNTR] --- Начало нового цикла опроса ТО ---
[2025-04-09 11:45:17.065] [INFO] [T01REG] Запрос данных с метки: 2025-04-09T08:45:05.089Z у T01REG
[2025-04-09 11:45:17.066] [INFO] [T02REG] Запрос данных с начала у T02REG
[2025-04-09 11:45:17.070] [ERROR] [T02REG] Ошибка репликации: Сервис недоступен (ECONNREFUSED)
[2025-04-09 11:45:17.075] [REPLICA] [T01REG] Получено 3 записей от T01REG. Первая OBJ: T01REG_OBJ_03
[2025-04-09 11:45:17.097] [REPLICA] [T01REG] Успешно вставлено 3 новых записей в BODI из 3 полученных от T01REG.
[2025-04-09 11:45:17.101] [INFO] [T01REG] Запись о пакете (3 шт.) добавлена/обновлена в BODK для T01REG
[2025-04-09 11:45:17.101] [INFO] [T01REG] Обновлена последняя метка DATV для T01REG на: 2025-04-09T08:45:12.090Z
[2025-04-09 11:45:23.064] [INFO] [GO_CNTR] --- Начало нового цикла опроса ТО ---
[2025-04-09 11:45:23.065] [INFO] [T01REG] Запрос данных с метки: 2025-04-09T08:45:12.090Z у T01REG
[2025-04-09 11:45:23.066] [INFO] [T02REG] Запрос данных с начала у T02REG
[2025-04-09 11:45:23.069] [ERROR] [T02REG] Ошибка репликации: Сервис недоступен (ECONNREFUSED)
[2025-04-09 11:45:23.070] [REPLICA] [T01REG] Получено 5 записей от T01REG. Первая OBJ: T01REG_OBJ_03
[2025-04-09 11:45:23.093] [REPLICA] [T01REG] Успешно вставлено 5 новых записей в BODI из 5 полученных от T01REG.
[2025-04-09 11:45:23.096] [INFO] [T01REG] Запись о пакете (5 шт.) добавлена/обновлена в BODK для T01REG
[2025-04-09 11:45:23.097] [INFO] [T01REG] Обновлена последняя метка DATV для T01REG на: 2025-04-09T08:45:19.099Z
[2025-04-09 11:45:29.077] [INFO] [GO_CNTR] --- Начало нового цикла опроса ТО ---
[2025-04-09 11:45:29.078] [INFO] [T01REG] Запрос данных с метки: 2025-04-09T08:45:19.099Z у T01REG
[2025-04-09 11:45:29.079] [INFO] [T02REG] Запрос данных с начала у T02REG
[2025-04-09 11:45:29.083] [ERROR] [T02REG] Ошибка репликации: Сервис недоступен (ECONNREFUSED)
[2025-04-09 11:45:29.084] [REPLICA] [T01REG] Получено 5 записей от T01REG. Первая OBJ: T01REG_OBJ_03
[2025-04-09 11:45:29.108] [REPLICA] [T01REG] Успешно вставлено 5 новых записей в BODI из 5 полученных от T01REG.
[2025-04-09 11:45:29.111] [INFO] [T01REG] Запись о пакете (5 шт.) добавлена/обновлена в BODK для T01REG
[2025-04-09 11:45:29.112] [INFO] [T01REG] Обновлена последняя метка DATV для T01REG на: 2025-04-09T08:45:26.111Z
[2025-04-09 11:45:35.091] [INFO] [GO_CNTR] --- Начало нового цикла опроса ТО ---
[2025-04-09 11:45:35.092] [INFO] [T01REG] Запрос данных с метки: 2025-04-09T08:45:26.111Z у T01REG
[2025-04-09 11:45:35.094] [INFO] [T02REG] Запрос данных с начала у T02REG
[2025-04-09 11:45:35.098] [ERROR] [T02REG] Ошибка репликации: Сервис недоступен (ECONNREFUSED)
[2025-04-09 11:45:35.101] [REPLICA] [T01REG] Получено 5 записей от T01REG. Первая OBJ: T01REG_OBJ_01
[2025-04-09 11:45:35.128] [REPLICA] [T01REG] Успешно вставлено 5 новых записей в BODI из 5 полученных от T01REG.
[2025-04-09 11:45:35.132] [INFO] [T01REG] Запись о пакете (5 шт.) добавлена/обновлена в BODK для T01REG
[2025-04-09 11:45:35.133] [INFO] [T01REG] Обновлена последняя метка DATV для T01REG на: 2025-04-09T08:45:33.116Z
[2025-04-09 11:45:41.100] [INFO] [GO_CNTR] --- Начало нового цикла опроса ТО ---
[2025-04-09 11:45:41.100] [INFO] [T01REG] Запрос данных с метки: 2025-04-09T08:45:33.116Z у T01REG
[2025-04-09 11:45:41.102] [INFO] [T02REG] Запрос данных с начала у T02REG
[2025-04-09 11:45:41.106] [ERROR] [T02REG] Ошибка репликации: Сервис недоступен (ECONNREFUSED)
[2025-04-09 11:45:41.109] [REPLICA] [T01REG] Получено 1 записей от T01REG. Первая OBJ: T01REG_OBJ_01
[2025-04-09 11:45:41.130] [REPLICA] [T01REG] Успешно вставлено 1 новых записей в BODI из 1 полученных от T01REG.
[2025-04-09 11:45:41.134] [INFO] [T01REG] Обновлена последняя метка DATV для T01REG на: 2025-04-09T08:45:40.091Z
[2025-04-09 11:45:41.134] [INFO] [T01REG] Запись о пакете (1 шт.) добавлена/обновлена в BODK для T01REG
[2025-04-09 11:45:47.100] [INFO] [GO_CNTR] --- Начало нового цикла опроса ТО ---
[2025-04-09 11:45:47.101] [INFO] [T01REG] Запрос данных с метки: 2025-04-09T08:45:40.091Z у T01REG
[2025-04-09 11:45:47.102] [INFO] [T02REG] Запрос данных с начала у T02REG
[2025-04-09 11:45:47.105] [ERROR] [T02REG] Ошибка репликации: Сервис недоступен (ECONNREFUSED)
[2025-04-09 11:45:47.145] [REPLICA] [T01REG] Получено 5 записей от T01REG. Первая OBJ: T01REG_OBJ_02
[2025-04-09 11:45:47.148] [REPLICA] [T01REG] Успешно вставлено 5 новых записей в BODI из 5 полученных от T01REG.
[2025-04-09 11:45:47.153] [INFO] [T01REG] Обновлена последняя метка DATV для T01REG на: 2025-04-09T08:45:47.132Z
[2025-04-09 11:45:47.152] [INFO] [T01REG] Запись о пакете (5 шт.) добавлена/обновлена в BODK для T01REG
[2025-04-09 11:45:53.108] [INFO] [GO_CNTR] --- Начало нового цикла опроса ТО ---
[2025-04-09 11:45:53.109] [INFO] [T01REG] Запрос данных с метки: 2025-04-09T08:45:47.132Z у T01REG
[2025-04-09 11:45:53.111] [INFO] [T02REG] Запрос данных с начала у T02REG
[2025-04-09 11:45:53.115] [ERROR] [T02REG] Ошибка репликации: Сервис недоступен (ECONNREFUSED)
[2025-04-09 11:45:53.118] [INFO] [T01REG] Нет новых записей для получения от T01REG.
[2025-04-09 11:45:59.122] [INFO] [GO_CNTR] --- Начало нового цикла опроса ТО ---
[2025-04-09 11:45:59.123] [INFO] [T01REG] Запрос данных с метки: 2025-04-09T08:45:47.132Z у T01REG
[2025-04-09 11:45:59.125] [INFO] [T02REG] Запрос данных с начала у T02REG
[2025-04-09 11:45:59.128] [ERROR] [T02REG] Ошибка репликации: Сервис недоступен (ECONNREFUSED)
[2025-04-09 11:45:59.130] [REPLICA] [T01REG] Получено 1 записей от T01REG. Первая OBJ: T01REG_OBJ_03
[2025-04-09 11:45:59.146] [REPLICA] [T01REG] Успешно вставлено 1 новых записей в BODI из 1 полученных от T01REG.
[2025-04-09 11:45:59.152] [INFO] [T01REG] Запись о пакете (1 шт.) добавлена/обновлена в BODK для T01REG
[2025-04-09 11:45:59.153] [INFO] [T01REG] Обновлена последняя метка DATV для T01REG на: 2025-04-09T08:45:54.107Z
[2025-04-09 11:46:05.136] [INFO] [GO_CNTR] --- Начало нового цикла опроса ТО ---
[2025-04-09 11:46:05.136] [INFO] [T01REG] Запрос данных с метки: 2025-04-09T08:45:54.107Z у T01REG
[2025-04-09 11:46:05.138] [INFO] [T02REG] Запрос данных с начала у T02REG
[2025-04-09 11:46:05.143] [ERROR] [T02REG] Ошибка репликации: Сервис недоступен (ECONNREFUSED)
[2025-04-09 11:46:05.145] [REPLICA] [T01REG] Получено 1 записей от T01REG. Первая OBJ: T01REG_OBJ_05
[2025-04-09 11:46:05.233] [INFO] [T01REG] Обновлена последняя метка DATV для T01REG на: 2025-04-09T08:46:01.115Z
[2025-04-09 11:46:05.230] [REPLICA] [T01REG] Успешно вставлено 1 новых записей в BODI из 1 полученных от T01REG.
[2025-04-09 11:46:05.233] [INFO] [T01REG] Запись о пакете (1 шт.) добавлена/обновлена в BODK для T01REG
[2025-04-09 11:46:11.141] [INFO] [GO_CNTR] --- Начало нового цикла опроса ТО ---
[2025-04-09 11:46:11.141] [INFO] [T01REG] Запрос данных с метки: 2025-04-09T08:46:01.115Z у T01REG
[2025-04-09 11:46:11.143] [INFO] [T02REG] Запрос данных с начала у T02REG
[2025-04-09 11:46:11.147] [ERROR] [T02REG] Ошибка репликации: Сервис недоступен (ECONNREFUSED)
[2025-04-09 11:46:11.149] [REPLICA] [T01REG] Получено 4 записей от T01REG. Первая OBJ: T01REG_OBJ_04
[2025-04-09 11:46:11.173] [REPLICA] [T01REG] Успешно вставлено 4 новых записей в BODI из 4 полученных от T01REG.
[2025-04-09 11:46:11.177] [INFO] [T01REG] Запись о пакете (4 шт.) добавлена/обновлена в BODK для T01REG
[2025-04-09 11:46:11.177] [INFO] [T01REG] Обновлена последняя метка DATV для T01REG на: 2025-04-09T08:46:08.155Z
[2025-04-09 11:46:17.151] [INFO] [GO_CNTR] --- Начало нового цикла опроса ТО ---
[2025-04-09 11:46:17.152] [INFO] [T01REG] Запрос данных с метки: 2025-04-09T08:46:08.155Z у T01REG
[2025-04-09 11:46:17.153] [INFO] [T02REG] Запрос данных с начала у T02REG
[2025-04-09 11:46:17.157] [ERROR] [T02REG] Ошибка репликации: Сервис недоступен (ECONNREFUSED)
[2025-04-09 11:46:17.158] [REPLICA] [T01REG] Получено 5 записей от T01REG. Первая OBJ: T01REG_OBJ_02
[2025-04-09 11:46:17.181] [REPLICA] [T01REG] Успешно вставлено 5 новых записей в BODI из 5 полученных от T01REG.
[2025-04-09 11:46:17.185] [INFO] [T01REG] Обновлена последняя метка DATV для T01REG на: 2025-04-09T08:46:15.167Z
[2025-04-09 11:46:17.184] [INFO] [T01REG] Запись о пакете (5 шт.) добавлена/обновлена в BODK для T01REG
[2025-04-09 11:46:23.153] [INFO] [GO_CNTR] --- Начало нового цикла опроса ТО ---
[2025-04-09 11:46:23.154] [INFO] [T01REG] Запрос данных с метки: 2025-04-09T08:46:15.167Z у T01REG
[2025-04-09 11:46:23.155] [INFO] [T02REG] Запрос данных с начала у T02REG
[2025-04-09 11:46:23.158] [ERROR] [T02REG] Ошибка репликации: Сервис недоступен (ECONNREFUSED)
[2025-04-09 11:46:23.159] [REPLICA] [T01REG] Получено 5 записей от T01REG. Первая OBJ: T01REG_OBJ_03
[2025-04-09 11:46:23.181] [REPLICA] [T01REG] Успешно вставлено 5 новых записей в BODI из 5 полученных от T01REG.
[2025-04-09 11:46:23.184] [INFO] [T01REG] Запись о пакете (5 шт.) добавлена/обновлена в BODK для T01REG
[2025-04-09 11:46:23.184] [INFO] [T01REG] Обновлена последняя метка DATV для T01REG на: 2025-04-09T08:46:22.174Z
[2025-04-09 11:46:29.162] [INFO] [GO_CNTR] --- Начало нового цикла опроса ТО ---
[2025-04-09 11:46:29.164] [INFO] [T01REG] Запрос данных с метки: 2025-04-09T08:46:22.174Z у T01REG
[2025-04-09 11:46:29.165] [INFO] [T02REG] Запрос данных с начала у T02REG
[2025-04-09 11:46:29.171] [ERROR] [T02REG] Ошибка репликации: Сервис недоступен (ECONNREFUSED)
[2025-04-09 11:46:29.183] [REPLICA] [T01REG] Получено 2 записей от T01REG. Первая OBJ: T01REG_OBJ_01
[2025-04-09 11:46:29.188] [REPLICA] [T01REG] Успешно вставлено 2 новых записей в BODI из 2 полученных от T01REG.
[2025-04-09 11:46:29.203] [INFO] [T01REG] Запись о пакете (2 шт.) добавлена/обновлена в BODK для T01REG
[2025-04-09 11:46:29.206] [INFO] [T01REG] Обновлена последняя метка DATV для T01REG на: 2025-04-09T08:46:29.175Z
[2025-04-09 11:46:35.176] [INFO] [GO_CNTR] --- Начало нового цикла опроса ТО ---
[2025-04-09 11:46:35.177] [INFO] [T01REG] Запрос данных с метки: 2025-04-09T08:46:29.175Z у T01REG
[2025-04-09 11:46:35.178] [INFO] [T02REG] Запрос данных с начала у T02REG
[2025-04-09 11:46:35.181] [ERROR] [T02REG] Ошибка репликации: Сервис недоступен (ECONNREFUSED)
[2025-04-09 11:46:35.183] [INFO] [T01REG] Нет новых записей для получения от T01REG.
[2025-04-09 11:46:41.179] [INFO] [GO_CNTR] --- Начало нового цикла опроса ТО ---
[2025-04-09 11:46:41.181] [INFO] [T02REG] Запрос данных с начала у T02REG
[2025-04-09 11:46:41.180] [INFO] [T01REG] Запрос данных с метки: 2025-04-09T08:46:29.175Z у T01REG
[2025-04-09 11:46:41.185] [ERROR] [T02REG] Ошибка репликации: Сервис недоступен (ECONNREFUSED)
[2025-04-09 11:46:41.187] [REPLICA] [T01REG] Получено 1 записей от T01REG. Первая OBJ: T01REG_OBJ_05
[2025-04-09 11:46:41.209] [REPLICA] [T01REG] Успешно вставлено 1 новых записей в BODI из 1 полученных от T01REG.
[2025-04-09 11:46:41.212] [INFO] [T01REG] Запись о пакете (1 шт.) добавлена/обновлена в BODK для T01REG
[2025-04-09 11:46:41.213] [INFO] [T01REG] Обновлена последняя метка DATV для T01REG на: 2025-04-09T08:46:36.156Z
[2025-04-09 11:46:47.187] [INFO] [GO_CNTR] --- Начало нового цикла опроса ТО ---
[2025-04-09 11:46:47.187] [INFO] [T01REG] Запрос данных с метки: 2025-04-09T08:46:36.156Z у T01REG
[2025-04-09 11:46:47.189] [INFO] [T02REG] Запрос данных с начала у T02REG
[2025-04-09 11:46:47.192] [ERROR] [T02REG] Ошибка репликации: Сервис недоступен (ECONNREFUSED)
[2025-04-09 11:46:47.194] [REPLICA] [T01REG] Получено 3 записей от T01REG. Первая OBJ: T01REG_OBJ_03
[2025-04-09 11:46:47.219] [REPLICA] [T01REG] Успешно вставлено 3 новых записей в BODI из 3 полученных от T01REG.
[2025-04-09 11:46:47.222] [INFO] [T01REG] Запись о пакете (3 шт.) добавлена/обновлена в BODK для T01REG
[2025-04-09 11:46:47.223] [INFO] [T01REG] Обновлена последняя метка DATV для T01REG на: 2025-04-09T08:46:43.192Z
[2025-04-09 11:46:53.196] [INFO] [GO_CNTR] --- Начало нового цикла опроса ТО ---
[2025-04-09 11:46:53.198] [INFO] [T02REG] Запрос данных с начала у T02REG
[2025-04-09 11:46:53.197] [INFO] [T01REG] Запрос данных с метки: 2025-04-09T08:46:43.192Z у T01REG
[2025-04-09 11:46:53.203] [ERROR] [T02REG] Ошибка репликации: Сервис недоступен (ECONNREFUSED)
[2025-04-09 11:46:53.209] [REPLICA] [T01REG] Получено 5 записей от T01REG. Первая OBJ: T01REG_OBJ_05
[2025-04-09 11:46:53.233] [REPLICA] [T01REG] Успешно вставлено 5 новых записей в BODI из 5 полученных от T01REG.
[2025-04-09 11:46:53.236] [INFO] [T01REG] Запись о пакете (5 шт.) добавлена/обновлена в BODK для T01REG
[2025-04-09 11:46:53.236] [INFO] [T01REG] Обновлена последняя метка DATV для T01REG на: 2025-04-09T08:46:50.206Z
[2025-04-09 11:46:59.198] [INFO] [GO_CNTR] --- Начало нового цикла опроса ТО ---
[2025-04-09 11:46:59.199] [INFO] [T01REG] Запрос данных с метки: 2025-04-09T08:46:50.206Z у T01REG
[2025-04-09 11:46:59.200] [INFO] [T02REG] Запрос данных с начала у T02REG
[2025-04-09 11:46:59.205] [ERROR] [T02REG] Ошибка репликации: Сервис недоступен (ECONNREFUSED)
[2025-04-09 11:46:59.207] [REPLICA] [T01REG] Получено 2 записей от T01REG. Первая OBJ: T01REG_OBJ_04
[2025-04-09 11:46:59.229] [REPLICA] [T01REG] Успешно вставлено 2 новых записей в BODI из 2 полученных от T01REG.
[2025-04-09 11:46:59.233] [INFO] [T01REG] Запись о пакете (2 шт.) добавлена/обновлена в BODK для T01REG
[2025-04-09 11:46:59.233] [INFO] [T01REG] Обновлена последняя метка DATV для T01REG на: 2025-04-09T08:46:57.194Z
[2025-04-09 11:47:05.199] [INFO] [GO_CNTR] --- Начало нового цикла опроса ТО ---
[2025-04-09 11:47:05.200] [INFO] [T01REG] Запрос данных с метки: 2025-04-09T08:46:57.194Z у T01REG
[2025-04-09 11:47:05.204] [INFO] [T02REG] Запрос данных с начала у T02REG
[2025-04-09 11:47:05.210] [ERROR] [T02REG] Ошибка репликации: Сервис недоступен (ECONNREFUSED)
[2025-04-09 11:47:05.234] [REPLICA] [T01REG] Успешно вставлено 1 новых записей в BODI из 1 полученных от T01REG.
[2025-04-09 11:47:05.238] [INFO] [T01REG] Запись о пакете (1 шт.) добавлена/обновлена в BODK для T01REG
[2025-04-09 11:47:05.238] [INFO] [T01REG] Обновлена последняя метка DATV для T01REG на: 2025-04-09T08:47:04.177Z
[2025-04-09 11:47:05.212] [REPLICA] [T01REG] Получено 1 записей от T01REG. Первая OBJ: T01REG_OBJ_03
[2025-04-09 11:47:11.205] [INFO] [GO_CNTR] --- Начало нового цикла опроса ТО ---
[2025-04-09 11:47:11.206] [INFO] [T01REG] Запрос данных с метки: 2025-04-09T08:47:04.177Z у T01REG
[2025-04-09 11:47:11.208] [INFO] [T02REG] Запрос данных с начала у T02REG
[2025-04-09 11:47:11.212] [ERROR] [T02REG] Ошибка репликации: Сервис недоступен (ECONNREFUSED)
[2025-04-09 11:47:11.223] [REPLICA] [T01REG] Успешно вставлено 2 новых записей в BODI из 2 полученных от T01REG.
[2025-04-09 11:47:11.227] [INFO] [T01REG] Запись о пакете (2 шт.) добавлена/обновлена в BODK для T01REG
[2025-04-09 11:47:11.227] [INFO] [T01REG] Обновлена последняя метка DATV для T01REG на: 2025-04-09T08:47:11.212Z
[2025-04-09 11:47:11.219] [REPLICA] [T01REG] Получено 2 записей от T01REG. Первая OBJ: T01REG_OBJ_01
[2025-04-09 11:47:17.214] [INFO] [GO_CNTR] --- Начало нового цикла опроса ТО ---
[2025-04-09 11:47:17.214] [INFO] [T01REG] Запрос данных с метки: 2025-04-09T08:47:11.212Z у T01REG
[2025-04-09 11:47:17.216] [INFO] [T02REG] Запрос данных с начала у T02REG
[2025-04-09 11:47:17.221] [ERROR] [T02REG] Ошибка репликации: Сервис недоступен (ECONNREFUSED)
[2025-04-09 11:47:17.223] [INFO] [T01REG] Нет новых записей для получения от T01REG.
[2025-04-09 11:47:23.230] [INFO] [GO_CNTR] --- Начало нового цикла опроса ТО ---
[2025-04-09 11:47:23.232] [INFO] [T01REG] Запрос данных с метки: 2025-04-09T08:47:11.212Z у T01REG
[2025-04-09 11:47:23.233] [INFO] [T02REG] Запрос данных с начала у T02REG
[2025-04-09 11:47:23.239] [ERROR] [T02REG] Ошибка репликации: Сервис недоступен (ECONNREFUSED)
[2025-04-09 11:47:23.242] [REPLICA] [T01REG] Получено 4 записей от T01REG. Первая OBJ: T01REG_OBJ_05
[2025-04-09 11:47:23.266] [REPLICA] [T01REG] Успешно вставлено 4 новых записей в BODI из 4 полученных от T01REG.
[2025-04-09 11:47:23.270] [INFO] [T01REG] Запись о пакете (4 шт.) добавлена/обновлена в BODK для T01REG
[2025-04-09 11:47:23.270] [INFO] [T01REG] Обновлена последняя метка DATV для T01REG на: 2025-04-09T08:47:18.231Z
[2025-04-09 11:47:29.235] [INFO] [GO_CNTR] --- Начало нового цикла опроса ТО ---
[2025-04-09 11:47:29.236] [INFO] [T01REG] Запрос данных с метки: 2025-04-09T08:47:18.231Z у T01REG
[2025-04-09 11:47:29.237] [INFO] [T02REG] Запрос данных с начала у T02REG
[2025-04-09 11:47:29.240] [ERROR] [T02REG] Ошибка репликации: Сервис недоступен (ECONNREFUSED)
[2025-04-09 11:47:29.242] [REPLICA] [T01REG] Получено 3 записей от T01REG. Первая OBJ: T01REG_OBJ_01
[2025-04-09 11:47:29.264] [REPLICA] [T01REG] Успешно вставлено 3 новых записей в BODI из 3 полученных от T01REG.
[2025-04-09 11:47:29.268] [INFO] [T01REG] Обновлена последняя метка DATV для T01REG на: 2025-04-09T08:47:25.225Z
[2025-04-09 11:47:29.268] [INFO] [T01REG] Запись о пакете (3 шт.) добавлена/обновлена в BODK для T01REG
[2025-04-09 11:47:35.235] [INFO] [GO_CNTR] --- Начало нового цикла опроса ТО ---
[2025-04-09 11:47:35.237] [INFO] [T01REG] Запрос данных с метки: 2025-04-09T08:47:25.225Z у T01REG
[2025-04-09 11:47:35.239] [INFO] [T02REG] Запрос данных с начала у T02REG
[2025-04-09 11:47:35.249] [ERROR] [T02REG] Ошибка репликации: Сервис недоступен (ECONNREFUSED)
[2025-04-09 11:47:35.253] [REPLICA] [T01REG] Получено 3 записей от T01REG. Первая OBJ: T01REG_OBJ_05
[2025-04-09 11:47:35.282] [INFO] [T01REG] Запись о пакете (3 шт.) добавлена/обновлена в BODK для T01REG
[2025-04-09 11:47:35.284] [INFO] [T01REG] Обновлена последняя метка DATV для T01REG на: 2025-04-09T08:47:32.232Z
[2025-04-09 11:47:35.275] [REPLICA] [T01REG] Успешно вставлено 3 новых записей в BODI из 3 полученных от T01REG.
[2025-04-09 11:47:41.242] [INFO] [GO_CNTR] --- Начало нового цикла опроса ТО ---
[2025-04-09 11:47:41.243] [INFO] [T01REG] Запрос данных с метки: 2025-04-09T08:47:32.232Z у T01REG
[2025-04-09 11:47:41.245] [INFO] [T02REG] Запрос данных с начала у T02REG
[2025-04-09 11:47:41.249] [ERROR] [T02REG] Ошибка репликации: Сервис недоступен (ECONNREFUSED)
[2025-04-09 11:47:41.250] [REPLICA] [T01REG] Получено 4 записей от T01REG. Первая OBJ: T01REG_OBJ_02
[2025-04-09 11:47:41.273] [REPLICA] [T01REG] Успешно вставлено 4 новых записей в BODI из 4 полученных от T01REG.
[2025-04-09 11:47:41.278] [INFO] [T01REG] Запись о пакете (4 шт.) добавлена/обновлена в BODK для T01REG
[2025-04-09 11:47:41.281] [INFO] [T01REG] Обновлена последняя метка DATV для T01REG на: 2025-04-09T08:47:39.245Z
[2025-04-09 11:47:47.258] [INFO] [GO_CNTR] --- Начало нового цикла опроса ТО ---
[2025-04-09 11:47:47.259] [INFO] [T01REG] Запрос данных с метки: 2025-04-09T08:47:39.245Z у T01REG
[2025-04-09 11:47:47.260] [INFO] [T02REG] Запрос данных с начала у T02REG
[2025-04-09 11:47:47.264] [ERROR] [T02REG] Ошибка репликации: Сервис недоступен (ECONNREFUSED)
[2025-04-09 11:47:47.266] [REPLICA] [T01REG] Получено 4 записей от T01REG. Первая OBJ: T01REG_OBJ_05
[2025-04-09 11:47:47.289] [REPLICA] [T01REG] Успешно вставлено 4 новых записей в BODI из 4 полученных от T01REG.
[2025-04-09 11:47:47.292] [INFO] [T01REG] Запись о пакете (4 шт.) добавлена/обновлена в BODK для T01REG
[2025-04-09 11:47:47.293] [INFO] [T01REG] Обновлена последняя метка DATV для T01REG на: 2025-04-09T08:47:46.253Z
[2025-04-09 11:47:53.265] [INFO] [GO_CNTR] --- Начало нового цикла опроса ТО ---
[2025-04-09 11:47:53.265] [INFO] [T01REG] Запрос данных с метки: 2025-04-09T08:47:46.253Z у T01REG
[2025-04-09 11:47:53.266] [INFO] [T02REG] Запрос данных с начала у T02REG
[2025-04-09 11:47:53.270] [ERROR] [T02REG] Ошибка репликации: Сервис недоступен (ECONNREFUSED)
[2025-04-09 11:47:53.271] [REPLICA] [T01REG] Получено 3 записей от T01REG. Первая OBJ: T01REG_OBJ_01
[2025-04-09 11:47:53.275] [REPLICA] [T01REG] Успешно вставлено 3 новых записей в BODI из 3 полученных от T01REG.
[2025-04-09 11:47:53.278] [INFO] [T01REG] Запись о пакете (3 шт.) добавлена/обновлена в BODK для T01REG
[2025-04-09 11:47:53.278] [INFO] [T01REG] Обновлена последняя метка DATV для T01REG на: 2025-04-09T08:47:53.250Z
[2025-04-09 11:48:20.483] [INFO] [GO_CNTR] База данных SQLite ГО подключена: D:\University\2sem\RIS\4-5\CentralService\go.sqlite
[2025-04-09 11:48:20.530] [INFO] [GO_CNTR] Заполнение таблицы T_IST начальными данными...
[2025-04-09 11:48:20.526] [INFO] [GO_CNTR] Структура таблиц ГО проверена/создана.
[2025-04-09 11:48:20.527] [INFO] [GO_CNTR] Заполнение таблицы T_SUB начальными данными...
[2025-04-09 11:48:20.535] [INFO] [GO_CNTR] Будут опрашиваться субъекты ТО из БД: T01REG, T02REG
[2025-04-09 11:48:20.532] [INFO] [GO_CNTR] T_IST заполнена.
[2025-04-09 11:48:20.536] [INFO] [GO_CNTR] Центральный сервис ГО (GO_CNTR) с SQLite запущен
[2025-04-09 11:48:20.536] [INFO] [GO_CNTR] Адрес: http://localhost:3000
[2025-04-09 11:48:20.537] [INFO] [GO_CNTR] Запуск цикла репликации каждые 6 сек.
[2025-04-09 11:48:20.538] [INFO] [T01REG] Запрос данных с начала у T01REG
[2025-04-09 11:48:20.537] [INFO] [GO_CNTR] --- Начало нового цикла опроса ТО ---
[2025-04-09 11:48:20.575] [INFO] [T02REG] Запрос данных с начала у T02REG
[2025-04-09 11:48:20.528] [INFO] [GO_CNTR] T_SUB заполнена.
[2025-04-09 11:48:20.590] [ERROR] [T01REG] Ошибка репликации: Сервис недоступен (ECONNREFUSED)
[2025-04-09 11:48:20.591] [ERROR] [T02REG] Ошибка репликации: Сервис недоступен (ECONNREFUSED)
[2025-04-09 11:48:26.581] [INFO] [GO_CNTR] --- Начало нового цикла опроса ТО ---
[2025-04-09 11:48:26.583] [INFO] [T01REG] Запрос данных с начала у T01REG
[2025-04-09 11:48:26.586] [INFO] [T02REG] Запрос данных с начала у T02REG
[2025-04-09 11:48:26.590] [ERROR] [T01REG] Ошибка репликации: Сервис недоступен (ECONNREFUSED)
[2025-04-09 11:48:26.591] [ERROR] [T02REG] Ошибка репликации: Сервис недоступен (ECONNREFUSED)
[2025-04-09 11:48:29.465] [INFO] [GO_CNTR] Получен запрос на /central-data
[2025-04-09 11:48:32.475] [INFO] [GO_CNTR] Получен запрос на /central-data
[2025-04-09 11:48:32.587] [INFO] [GO_CNTR] --- Начало нового цикла опроса ТО ---
[2025-04-09 11:48:32.588] [INFO] [T01REG] Запрос данных с начала у T01REG
[2025-04-09 11:48:32.593] [INFO] [T02REG] Запрос данных с начала у T02REG
[2025-04-09 11:48:32.602] [ERROR] [T01REG] Ошибка репликации: Сервис недоступен (ECONNREFUSED)
[2025-04-09 11:48:32.603] [ERROR] [T02REG] Ошибка репликации: Сервис недоступен (ECONNREFUSED)
[2025-04-09 11:48:38.588] [INFO] [GO_CNTR] --- Начало нового цикла опроса ТО ---
[2025-04-09 11:48:38.590] [INFO] [T02REG] Запрос данных с начала у T02REG
[2025-04-09 11:48:38.588] [INFO] [T01REG] Запрос данных с начала у T01REG
[2025-04-09 11:48:38.593] [ERROR] [T01REG] Ошибка репликации: Сервис недоступен (ECONNREFUSED)
[2025-04-09 11:48:38.594] [ERROR] [T02REG] Ошибка репликации: Сервис недоступен (ECONNREFUSED)
[2025-04-09 11:48:44.601] [INFO] [GO_CNTR] --- Начало нового цикла опроса ТО ---
[2025-04-09 11:48:44.601] [INFO] [T01REG] Запрос данных с начала у T01REG
[2025-04-09 11:48:44.604] [INFO] [T02REG] Запрос данных с начала у T02REG
[2025-04-09 11:48:44.609] [ERROR] [T02REG] Ошибка репликации: Сервис недоступен (ECONNREFUSED)
[2025-04-09 11:48:44.625] [REPLICA] [T01REG] Получено 10 записей от T01REG. Первая OBJ: T01REG_OBJ_01
[2025-04-09 11:48:44.647] [REPLICA] [T01REG] Успешно вставлено 10 новых записей в BODI из 10 полученных от T01REG.
[2025-04-09 11:48:44.653] [INFO] [T01REG] Обновлена последняя метка DATV для T01REG на: 2025-04-09T08:48:40.032Z
[2025-04-09 11:48:44.652] [INFO] [T01REG] Запись о пакете (10 шт.) добавлена/обновлена в BODK для T01REG
[2025-04-09 11:48:47.337] [INFO] [GO_CNTR] Получен запрос на /central-data
[2025-04-09 11:48:50.609] [INFO] [GO_CNTR] --- Начало нового цикла опроса ТО ---
[2025-04-09 11:48:50.610] [INFO] [T01REG] Запрос данных с метки: 2025-04-09T08:48:40.032Z у T01REG
[2025-04-09 11:48:50.612] [INFO] [T02REG] Запрос данных с начала у T02REG
[2025-04-09 11:48:50.616] [ERROR] [T02REG] Ошибка репликации: Сервис недоступен (ECONNREFUSED)
[2025-04-09 11:48:50.621] [REPLICA] [T01REG] Получено 2 записей от T01REG. Первая OBJ: T01REG_OBJ_01
[2025-04-09 11:48:50.644] [REPLICA] [T01REG] Успешно вставлено 2 новых записей в BODI из 2 полученных от T01REG.
[2025-04-09 11:48:50.648] [INFO] [T01REG] Запись о пакете (2 шт.) добавлена/обновлена в BODK для T01REG
[2025-04-09 11:48:50.649] [INFO] [T01REG] Обновлена последняя метка DATV для T01REG на: 2025-04-09T08:48:47.068Z
[2025-04-09 11:48:56.614] [INFO] [GO_CNTR] --- Начало нового цикла опроса ТО ---
[2025-04-09 11:48:56.615] [INFO] [T01REG] Запрос данных с метки: 2025-04-09T08:48:47.068Z у T01REG
[2025-04-09 11:48:56.616] [INFO] [T02REG] Запрос данных с начала у T02REG
[2025-04-09 11:48:56.622] [REPLICA] [T01REG] Получено 1 записей от T01REG. Первая OBJ: T01REG_OBJ_02
[2025-04-09 11:48:56.643] [REPLICA] [T01REG] Успешно вставлено 1 новых записей в BODI из 1 полученных от T01REG.
[2025-04-09 11:48:56.647] [INFO] [T01REG] Запись о пакете (1 шт.) добавлена/обновлена в BODK для T01REG
[2025-04-09 11:48:56.648] [INFO] [T01REG] Обновлена последняя метка DATV для T01REG на: 2025-04-09T08:48:54.052Z
[2025-04-09 11:48:56.650] [REPLICA] [T02REG] Получено 10 записей от T02REG. Первая OBJ: T02REG_OBJ_01
[2025-04-09 11:48:56.654] [REPLICA] [T02REG] Успешно вставлено 10 новых записей в BODI из 10 полученных от T02REG.
[2025-04-09 11:48:56.658] [INFO] [T02REG] Запись о пакете (10 шт.) добавлена/обновлена в BODK для T02REG
[2025-04-09 11:48:56.659] [INFO] [T02REG] Обновлена последняя метка DATV для T02REG на: 2025-04-09T08:48:55.057Z
[2025-04-09 11:48:57.954] [INFO] [GO_CNTR] Получен запрос на /central-data
[2025-04-09 11:49:01.163] [INFO] [GO_CNTR] Получен запрос на /central-data
[2025-04-09 11:49:02.626] [INFO] [GO_CNTR] --- Начало нового цикла опроса ТО ---
[2025-04-09 11:49:02.629] [INFO] [T02REG] Запрос данных с метки: 2025-04-09T08:48:55.057Z у T02REG
[2025-04-09 11:49:02.627] [INFO] [T01REG] Запрос данных с метки: 2025-04-09T08:48:54.052Z у T01REG
[2025-04-09 11:49:02.636] [REPLICA] [T01REG] Получено 4 записей от T01REG. Первая OBJ: T01REG_OBJ_04
[2025-04-09 11:49:02.659] [REPLICA] [T01REG] Успешно вставлено 4 новых записей в BODI из 4 полученных от T01REG.
[2025-04-09 11:49:02.663] [INFO] [T01REG] Запись о пакете (4 шт.) добавлена/обновлена в BODK для T01REG
[2025-04-09 11:49:02.663] [INFO] [T01REG] Обновлена последняя метка DATV для T01REG на: 2025-04-09T08:49:01.086Z
[2025-04-09 11:49:02.664] [INFO] [T02REG] Нет новых записей для получения от T02REG.
[2025-04-09 11:49:08.632] [INFO] [GO_CNTR] --- Начало нового цикла опроса ТО ---
[2025-04-09 11:49:08.632] [INFO] [T01REG] Запрос данных с метки: 2025-04-09T08:49:01.086Z у T01REG
[2025-04-09 11:49:08.633] [INFO] [T02REG] Запрос данных с метки: 2025-04-09T08:48:55.057Z у T02REG
[2025-04-09 11:49:08.638] [REPLICA] [T01REG] Получено 4 записей от T01REG. Первая OBJ: T01REG_OBJ_05
[2025-04-09 11:49:08.661] [REPLICA] [T01REG] Успешно вставлено 4 новых записей в BODI из 4 полученных от T01REG.
[2025-04-09 11:49:08.664] [INFO] [T01REG] Запись о пакете (4 шт.) добавлена/обновлена в BODK для T01REG
[2025-04-09 11:49:08.664] [INFO] [T01REG] Обновлена последняя метка DATV для T01REG на: 2025-04-09T08:49:08.086Z
[2025-04-09 11:49:08.668] [REPLICA] [T02REG] Успешно вставлено 1 новых записей в BODI из 1 полученных от T02REG.
[2025-04-09 11:49:08.665] [REPLICA] [T02REG] Получено 1 записей от T02REG. Первая OBJ: T02REG_OBJ_04
[2025-04-09 11:49:08.671] [INFO] [T02REG] Запись о пакете (1 шт.) добавлена/обновлена в BODK для T02REG
[2025-04-09 11:49:08.671] [INFO] [T02REG] Обновлена последняя метка DATV для T02REG на: 2025-04-09T08:49:05.069Z
[2025-04-09 11:49:14.634] [INFO] [T01REG] Запрос данных с метки: 2025-04-09T08:49:08.086Z у T01REG
[2025-04-09 11:49:14.633] [INFO] [GO_CNTR] --- Начало нового цикла опроса ТО ---
[2025-04-09 11:49:14.635] [INFO] [T02REG] Запрос данных с метки: 2025-04-09T08:49:05.069Z у T02REG
[2025-04-09 11:49:14.642] [INFO] [T01REG] Нет новых записей для получения от T01REG.
[2025-04-09 11:49:14.643] [INFO] [T02REG] Нет новых записей для получения от T02REG.
[2025-04-09 11:49:17.490] [INFO] [GO_CNTR] Получен запрос на /central-data
[2025-04-09 11:49:20.641] [INFO] [GO_CNTR] --- Начало нового цикла опроса ТО ---
[2025-04-09 11:49:20.643] [INFO] [T01REG] Запрос данных с метки: 2025-04-09T08:49:08.086Z у T01REG
[2025-04-09 11:49:20.646] [INFO] [T02REG] Запрос данных с метки: 2025-04-09T08:49:05.069Z у T02REG
[2025-04-09 11:49:20.657] [REPLICA] [T01REG] Получено 4 записей от T01REG. Первая OBJ: T01REG_OBJ_03
[2025-04-09 11:49:20.680] [REPLICA] [T01REG] Успешно вставлено 4 новых записей в BODI из 4 полученных от T01REG.
[2025-04-09 11:49:20.685] [INFO] [T01REG] Обновлена последняя метка DATV для T01REG на: 2025-04-09T08:49:15.093Z
[2025-04-09 11:49:20.687] [REPLICA] [T02REG] Получено 2 записей от T02REG. Первая OBJ: T02REG_OBJ_05
[2025-04-09 11:49:20.691] [REPLICA] [T02REG] Успешно вставлено 2 новых записей в BODI из 2 полученных от T02REG.
[2025-04-09 11:49:20.695] [INFO] [T02REG] Запись о пакете (2 шт.) добавлена/обновлена в BODK для T02REG
[2025-04-09 11:49:20.684] [INFO] [T01REG] Запись о пакете (4 шт.) добавлена/обновлена в BODK для T01REG
[2025-04-09 11:49:20.695] [INFO] [T02REG] Обновлена последняя метка DATV для T02REG на: 2025-04-09T08:49:15.091Z
[2025-04-09 11:49:26.643] [INFO] [GO_CNTR] --- Начало нового цикла опроса ТО ---
[2025-04-09 11:49:26.644] [INFO] [T01REG] Запрос данных с метки: 2025-04-09T08:49:15.093Z у T01REG
[2025-04-09 11:49:26.645] [INFO] [T02REG] Запрос данных с метки: 2025-04-09T08:49:15.091Z у T02REG
[2025-04-09 11:49:26.649] [REPLICA] [T01REG] Получено 4 записей от T01REG. Первая OBJ: T01REG_OBJ_05
[2025-04-09 11:49:26.671] [REPLICA] [T01REG] Успешно вставлено 4 новых записей в BODI из 4 полученных от T01REG.
[2025-04-09 11:49:26.675] [INFO] [T01REG] Запись о пакете (4 шт.) добавлена/обновлена в BODK для T01REG
[2025-04-09 11:49:26.676] [INFO] [T01REG] Обновлена последняя метка DATV для T01REG на: 2025-04-09T08:49:22.092Z
[2025-04-09 11:49:26.677] [REPLICA] [T02REG] Получено 1 записей от T02REG. Первая OBJ: T02REG_OBJ_05
[2025-04-09 11:49:26.680] [REPLICA] [T02REG] Успешно вставлено 1 новых записей в BODI из 1 полученных от T02REG.
[2025-04-09 11:49:26.683] [INFO] [T02REG] Запись о пакете (1 шт.) добавлена/обновлена в BODK для T02REG
[2025-04-09 11:49:26.683] [INFO] [T02REG] Обновлена последняя метка DATV для T02REG на: 2025-04-09T08:49:25.083Z
[2025-04-09 11:49:32.645] [INFO] [GO_CNTR] --- Начало нового цикла опроса ТО ---
[2025-04-09 11:49:32.646] [INFO] [T01REG] Запрос данных с метки: 2025-04-09T08:49:22.092Z у T01REG
[2025-04-09 11:49:32.648] [INFO] [T02REG] Запрос данных с метки: 2025-04-09T08:49:25.083Z у T02REG
[2025-04-09 11:49:32.652] [ERROR] [T01REG] Ошибка репликации: Сервис недоступен (ECONNREFUSED)
[2025-04-09 11:49:32.652] [ERROR] [T02REG] Ошибка репликации: Сервис недоступен (ECONNREFUSED)
